Component: ARM Compiler 6.13.1 Tool: armlink [5d895400]

==============================================================================

Section Cross References

    main.o(.text.main) refers to systick.o(.text.SysTick_Init) for SysTick_Init
    main.o(.text.main) refers to lcd.o(.text.LCD_Init) for LCD_Init
    main.o(.text.main) refers to keypad.o(.text.KEYPAD_Init) for KEYPAD_Init
    main.o(.text.main) refers to gpio.o(.text.GPIO_setupPinDirection) for GPIO_setupPinDirection
    main.o(.text.main) refers to gpio.o(.text.GPIOF_EnableInt) for GPIOF_EnableInt
    main.o(.text.main) refers to main.o(.bss.SW2_FLAG) for SW2_FLAG
    main.o(.text.main) refers to main.o(.bss.CLEAR_FLAG) for CLEAR_FLAG
    main.o(.text.main) refers to main.o(.rodata.str1.1) for .L.str.1
    main.o(.text.main) refers to main.o(.text.Display_Time) for Display_Time
    main.o(.text.main) refers to keypad.o(.text.KEYPAD_Getkey) for KEYPAD_Getkey
    main.o(.text.main) refers to lcd.o(.text.LCD_displayStringRowColumn) for LCD_displayStringRowColumn
    main.o(.text.main) refers to lcd.o(.text.LCD_displayTime) for LCD_displayTime
    main.o(.text.main) refers to main.o(.bss.CASED_FLAG) for CASED_FLAG
    main.o(.text.main) refers to systick.o(.text.SysTick_Wait1s) for SysTick_Wait1s
    main.o(.text.main) refers to lcd.o(.text.LCD_clearScreen) for LCD_clearScreen
    main.o(.text.main) refers to lcd.o(.text.LCD_displayCharRowColumn) for LCD_displayCharRowColumn
    main.o(.text.main) refers to lcd.o(.text.LCD_displayCharacter) for LCD_displayCharacter
    main.o(.text.main) refers to lcd.o(.text.LCD_displayString) for LCD_displayString
    main.o(.ARM.exidx.text.main) refers to main.o(.text.main) for [Anonymous Symbol]
    main.o(.text.Display_Time) refers to main.o(.bss.CLEAR_FLAG) for CLEAR_FLAG
    main.o(.text.Display_Time) refers to main.o(.bss.CASED_FLAG) for CASED_FLAG
    main.o(.text.Display_Time) refers to main.o(.bss.SW1_FLAG) for SW1_FLAG
    main.o(.text.Display_Time) refers to main.o(.bss.DOOR_FLAG) for DOOR_FLAG
    main.o(.text.Display_Time) refers to lcd.o(.text.LCD_displayTime) for LCD_displayTime
    main.o(.text.Display_Time) refers to gpio.o(.text.GPIO_writePin) for GPIO_writePin
    main.o(.text.Display_Time) refers to gpio.o(.text.GPIO_togglePin) for GPIO_togglePin
    main.o(.text.Display_Time) refers to systick.o(.text.delayMs) for delayMs
    main.o(.text.Display_Time) refers to systick.o(.text.SysTick_Wait1s) for SysTick_Wait1s
    main.o(.text.Display_Time) refers to main.o(.text.ToggleLedBuzzer) for ToggleLedBuzzer
    main.o(.text.Display_Time) refers to lcd.o(.text.LCD_clearScreen) for LCD_clearScreen
    main.o(.text.Display_Time) refers to main.o(.bss.SW2_FLAG) for SW2_FLAG
    main.o(.ARM.exidx.text.Display_Time) refers to main.o(.text.Display_Time) for [Anonymous Symbol]
    main.o(.text.ToggleLedBuzzer) refers to gpio.o(.text.GPIO_writePin) for GPIO_writePin
    main.o(.text.ToggleLedBuzzer) refers to systick.o(.text.SysTick_Wait1s) for SysTick_Wait1s
    main.o(.text.ToggleLedBuzzer) refers to systick.o(.text.delayMs) for delayMs
    main.o(.ARM.exidx.text.ToggleLedBuzzer) refers to main.o(.text.ToggleLedBuzzer) for [Anonymous Symbol]
    main.o(.text.GPIOF_Handler) refers to systick.o(.text.delayMs) for delayMs
    main.o(.text.GPIOF_Handler) refers to main.o(.bss.DOOR_FLAG) for DOOR_FLAG
    main.o(.text.GPIOF_Handler) refers to main.o(.bss.SW1_FLAG) for SW1_FLAG
    main.o(.text.GPIOF_Handler) refers to main.o(.bss.CLEAR_FLAG) for CLEAR_FLAG
    main.o(.text.GPIOF_Handler) refers to main.o(.bss.SW2_FLAG) for SW2_FLAG
    main.o(.ARM.exidx.text.GPIOF_Handler) refers to main.o(.text.GPIOF_Handler) for [Anonymous Symbol]
    gpio.o(.ARM.exidx.text.GPIO_setupPinDirection) refers to gpio.o(.text.GPIO_setupPinDirection) for [Anonymous Symbol]
    gpio.o(.ARM.exidx.text.GPIO_writePin) refers to gpio.o(.text.GPIO_writePin) for [Anonymous Symbol]
    gpio.o(.ARM.exidx.text.GPIO_togglePin) refers to gpio.o(.text.GPIO_togglePin) for [Anonymous Symbol]
    gpio.o(.ARM.exidx.text.GPIO_readPin) refers to gpio.o(.text.GPIO_readPin) for [Anonymous Symbol]
    gpio.o(.ARM.exidx.text.GPIO_setupPortDirection) refers to gpio.o(.text.GPIO_setupPortDirection) for [Anonymous Symbol]
    gpio.o(.ARM.exidx.text.GPIO_writePort) refers to gpio.o(.text.GPIO_writePort) for [Anonymous Symbol]
    gpio.o(.ARM.exidx.text.GPIO_togglePort) refers to gpio.o(.text.GPIO_togglePort) for [Anonymous Symbol]
    gpio.o(.ARM.exidx.text.GPIO_readPort) refers to gpio.o(.text.GPIO_readPort) for [Anonymous Symbol]
    gpio.o(.ARM.exidx.text.GPIOF_EnableInt) refers to gpio.o(.text.GPIOF_EnableInt) for [Anonymous Symbol]
    systick.o(.ARM.exidx.text.SysTick_Init) refers to systick.o(.text.SysTick_Init) for [Anonymous Symbol]
    systick.o(.ARM.exidx.text.SysTick_Disable) refers to systick.o(.text.SysTick_Disable) for [Anonymous Symbol]
[...]
    lcd.o(.text.LCD_Init) refers to systick.o(.text.delayMs) for delayMs
    lcd.o(.ARM.exidx.text.LCD_Init) refers (Special) to _printf_d.o(.ARM.Collect$$_printf_percent$$00000009) for _printf_d
    lcd.o(.ARM.exidx.text.LCD_Init) refers (Special) to _printf_dec.o(.text) for _printf_int_dec
    lcd.o(.ARM.exidx.text.LCD_Init) refers (Special) to _printf_percent.o(.ARM.Collect$$_printf_percent$$00000000) for _printf_percent
    lcd.o(.ARM.exidx.text.LCD_Init) refers to lcd.o(.text.LCD_Init) for [Anonymous Symbol]
    lcd.o(.text.LCD_sendCommand) refers (Special) to _printf_d.o(.ARM.Collect$$_printf_percent$$00000009) for _printf_d
    lcd.o(.text.LCD_sendCommand) refers (Special) to _printf_dec.o(.text) for _printf_int_dec
    lcd.o(.text.LCD_sendCommand) refers (Special) to _printf_percent.o(.ARM.Collect$$_printf_percent$$00000000) for _printf_percent
    lcd.o(.text.LCD_sendCommand) refers to lcd.o(.text.LCD_writeBits) for LCD_writeBits
    lcd.o(.text.LCD_sendCommand) refers to systick.o(.text.delayMs) for delayMs
    lcd.o(.ARM.exidx.text.LCD_sendCommand) refers (Special) to _printf_d.o(.ARM.Collect$$_printf_percent$$00000009) for _printf_d
    lcd.o(.ARM.exidx.text.LCD_sendCommand) refers (Special) to _printf_dec.o(.text) for _printf_int_dec
    lcd.o(.ARM.exidx.text.LCD_sendCommand) refers (Special) to _printf_percent.o(.ARM.Collect$$_printf_percent$$00000000) for _printf_percent
    lcd.o(.ARM.exidx.text.LCD_sendCommand) refers to lcd.o(.text.LCD_sendCommand) for [Anonymous Symbol]
    lcd.o(.text.LCD_writeBits) refers (Special) to _printf_d.o(.ARM.Collect$$_printf_percent$$00000009) for _printf_d
    lcd.o(.text.LCD_writeBits) refers (Special) to _printf_dec.o(.text) for _printf_int_dec
    lcd.o(.text.LCD_writeBits) refers (Special) to _printf_percent.o(.ARM.Collect$$_printf_percent$$00000000) for _printf_percent
    lcd.o(.text.LCD_writeBits) refers to systick.o(.text.delayUs) for delayUs
    lcd.o(.ARM.exidx.text.LCD_writeBits) refers (Special) to _printf_d.o(.ARM.Collect$$_printf_percent$$00000009) for _printf_d
    lcd.o(.ARM.exidx.text.LCD_writeBits) refers (Special) to _printf_dec.o(.text) for _printf_int_dec
    lcd.o(.ARM.exidx.text.LCD_writeBits) refers (Special) to _printf_percent.o(.ARM.Collect$$_printf_percent$$00000000) for _printf_percent
    lcd.o(.ARM.exidx.text.LCD_writeBits) refers to lcd.o(.text.LCD_writeBits) for [Anonymous Symbol]
    lcd.o(.text.LCD_displayCharacter) refers (Special) to _printf_d.o(.ARM.Collect$$_printf_percent$$00000009) for _printf_d
    lcd.o(.text.LCD_displayCharacter) refers (Special) to _printf_dec.o(.text) for _printf_int_dec
    lcd.o(.text.LCD_displayCharacter) refers (Special) to _printf_percent.o(.ARM.Collect$$_printf_percent$$00000000) for _printf_percent
    lcd.o(.text.LCD_displayCharacter) refers to lcd.o(.text.LCD_writeBits) for LCD_writeBits
    lcd.o(.text.LCD_displayCharacter) refers to systick.o(.text.delayUs) for delayUs
    lcd.o(.ARM.exidx.text.LCD_displayCharacter) refers (Special) to _printf_d.o(.ARM.Collect$$_printf_percent$$00000009) for _printf_d
    lcd.o(.ARM.exidx.text.LCD_displayCharacter) refers (Special) to _printf_dec.o(.text) for _printf_int_dec
    lcd.o(.ARM.exidx.text.LCD_displayCharacter) refers (Special) to _printf_percent.o(.ARM.Collect$$_printf_percent$$00000000) for _printf_percent
    lcd.o(.ARM.exidx.text.LCD_displayCharacter) refers to lcd.o(.text.LCD_displayCharacter) for [Anonymous Symbol]
    lcd.o(.text.LCD_displayString) refers (Special) to _printf_d.o(.ARM.Collect$$_printf_percent$$00000009) for _printf_d
    lcd.o(.text.LCD_displayString) refers (Special) to _printf_dec.o(.text) for _printf_int_dec
    lcd.o(.text.LCD_displayString) refers (Special) to _printf_percent.o(.ARM.Collect$$_printf_percent$$00000000) for _printf_percent
    lcd.o(.text.LCD_displayString) refers to lcd.o(.text.LCD_displayCharacter) for LCD_displayCharacter
    lcd.o(.ARM.exidx.text.LCD_displayString) refers (Special) to _printf_d.o(.ARM.Collect$$_printf_percent$$00000009) for _printf_d
    lcd.o(.ARM.exidx.text.LCD_displayString) refers (Special) to _printf_dec.o(.text) for _printf_int_dec
    lcd.o(.ARM.exidx.text.LCD_displayString) refers (Special) to _printf_percent.o(.ARM.Collect$$_printf_percent$$00000000) for _printf_percent
    lcd.o(.ARM.exidx.text.LCD_displayString) refers to lcd.o(.text.LCD_displayString) for [Anonymous Symbol]
    lcd.o(.text.LCD_goToRowColumn) refers (Special) to _printf_d.o(.ARM.Collect$$_printf_percent$$00000009) for _printf_d
    lcd.o(.text.LCD_goToRowColumn) refers (Special) to _printf_dec.o(.text) for _printf_int_dec
    lcd.o(.text.LCD_goToRowColumn) refers (Special) to _printf_percent.o(.ARM.Collect$$_printf_percent$$00000000) for _printf_percent
    lcd.o(.text.LCD_goToRowColumn) refers to lcd.o(.text.LCD_sendCommand) for LCD_sendCommand
    lcd.o(.ARM.exidx.text.LCD_goToRowColumn) refers (Special) to _printf_d.o(.ARM.Collect$$_printf_percent$$00000009) for _printf_d
    lcd.o(.ARM.exidx.text.LCD_goToRowColumn) refers (Special) to _printf_dec.o(.text) for _printf_int_dec
    lcd.o(.ARM.exidx.text.LCD_goToRowColumn) refers (Special) to _printf_percent.o(.ARM.Collect$$_printf_percent$$00000000) for _printf_percent
    lcd.o(.ARM.exidx.text.LCD_goToRowColumn) refers to lcd.o(.text.LCD_goToRowColumn) for [Anonymous Symbol]
    lcd.o(.text.LCD_clearScreen) refers (Special) to _printf_d.o(.ARM.Collect$$_printf_percent$$00000009) for _printf_d
    lcd.o(.text.LCD_clearScreen) refers (Special) to _printf_dec.o(.text) for _printf_int_dec
    lcd.o(.text.LCD_clearScreen) refers (Special) to _printf_percent.o(.ARM.Collect$$_printf_percent$$00000000) for _printf_percent
    lcd.o(.text.LCD_clearScreen) refers to lcd.o(.text.LCD_sendCommand) for LCD_sendCommand
    lcd.o(.ARM.exidx.text.LCD_clearScreen) refers (Special) to _printf_d.o(.ARM.Collect$$_printf_percent$$00000009) for _printf_d
    lcd.o(.ARM.exidx.text.LCD_clearScreen) refers (Special) to _printf_dec.o(.text) for _printf_int_dec
    lcd.o(.ARM.exidx.text.LCD_clearScreen) refers (Special) to _printf_percent.o(.ARM.Collect$$_printf_percent$$00000000) for _printf_percent
    lcd.o(.ARM.exidx.text.LCD_clearScreen) refers to lcd.o(.text.LCD_clearScreen) for [Anonymous Symbol]
    lcd.o(.text.LCD_displayTime) refers (Special) to _printf_d.o(.ARM.Collect$$_printf_percent$$00000009) for _printf_d
    lcd.o(.text.LCD_displayTime) refers (Special) to _printf_dec.o(.text) for _printf_int_dec
    lcd.o(.text.LCD_displayTime) refers (Special) to _printf_percent.o(.ARM.Collect$$_printf_percent$$00000000) for _printf_percent
    lcd.o(.text.LCD_displayTime) refers to lcd.o(.text.LCD_goToRowColumn) for LCD_goToRowColumn
    lcd.o(.text.LCD_displayTime) refers to lcd.o(.text.LCD_displayCharacter) for LCD_displayCharacter
    lcd.o(.text.LCD_displayTime) refers to lcd.o(.text.LCD_PrintINT) for LCD_PrintINT
    lcd.o(.ARM.exidx.text.LCD_displayTime) refers (Special) to _printf_d.o(.ARM.Collect$$_printf_percent$$00000009) for _printf_d
    lcd.o(.ARM.exidx.text.LCD_displayTime) refers (Special) to _printf_dec.o(.text) for _printf_int_dec
    lcd.o(.ARM.exidx.text.LCD_displayTime) refers (Special) to _printf_percent.o(.ARM.Collect$$_printf_percent$$00000000) for _printf_percent
    lcd.o(.ARM.exidx.text.LCD_displayTime) refers to lcd.o(.text.LCD_displayTime) for [Anonymous Symbol]
    lcd.o(.text.LCD_PrintINT) refers (Special) to _printf_d.o(.ARM.Collect$$_printf_percent$$00000009) for _printf_d
    lcd.o(.text.LCD_PrintINT) refers (Special) to _printf_dec.o(.text) for _printf_int_dec
    lcd.o(.text.LCD_PrintINT) refers (Special) to _printf_percent.o(.ARM.Collect$$_printf_percent$$00000000) for _printf_percent
    lcd.o(.text.LCD_PrintINT) refers to noretval__2sprintf.o(.text) for __2sprintf
    lcd.o(.text.LCD_PrintINT) refers to lcd.o(.text.LCD_displayCharacter) for LCD_displayCharacter
    lcd.o(.ARM.exidx.text.LCD_PrintINT) refers (Special) to _printf_d.o(.ARM.Collect$$_printf_percent$$00000009) for _printf_d
    lcd.o(.ARM.exidx.text.LCD_PrintINT) refers (Special) to _printf_dec.o(.text) for _printf_int_dec
    lcd.o(.ARM.exidx.text.LCD_PrintINT) refers (Special) to _printf_percent.o(.ARM.Collect$$_printf_percent$$00000000) for _printf_percent
    lcd.o(.ARM.exidx.text.LCD_PrintINT) refers to lcd.o(.text.LCD_PrintINT) for [Anonymous Symbol]
    lcd.o(.text.LCD_displayStringRowColumn) refers (Special) to _printf_d.o(.ARM.Collect$$_printf_percent$$00000009) for _printf_d
    lcd.o(.text.LCD_displayStringRowColumn) refers (Special) to _printf_dec.o(.text) for _printf_int_dec
    lcd.o(.text.LCD_displayStringRowColumn) refers (Special) to _printf_percent.o(.ARM.Collect$$_printf_percent$$00000000) for _printf_percent
    lcd.o(.text.LCD_displayStringRowColumn) refers to lcd.o(.text.LCD_goToRowColumn) for LCD_goToRowColumn
    lcd.o(.text.LCD_displayStringRowColumn) refers to lcd.o(.text.LCD_displayString) for LCD_displayString
    lcd.o(.ARM.exidx.text.LCD_displayStringRowColumn) refers (Special) to _printf_d.o(.ARM.Collect$$_printf_percent$$00000009) for _printf_d
    lcd.o(.ARM.exidx.text.LCD_displayStringRowColumn) refers (Special) to _printf_dec.o(.text) for _printf_int_dec
    lcd.o(.ARM.exidx.text.LCD_displayStringRowColumn) refers (Special) to _printf_percent.o(.ARM.Collect$$_printf_percent$$00000000) for _printf_percent
    lcd.o(.ARM.exidx.text.LCD_displayStringRowColumn) refers to lcd.o(.text.LCD_displayStringRowColumn) for [Anonymous Symbol]
    lcd.o(.text.LCD_displayCharRowColumn) refers (Special) to _printf_d.o(.ARM.Collect$$_printf_percent$$00000009) for _printf_d
    lcd.o(.text.LCD_displayCharRowColumn) refers (Special) to _printf_dec.o(.text) for _printf_int_dec
    lcd.o(.text.LCD_displayCharRowColumn) refers (Special) to _printf_percent.o(.ARM.Collect$$_printf_percent$$00000000) for _printf_percent
    lcd.o(.text.LCD_displayCharRowColumn) refers to lcd.o(.text.LCD_goToRowColumn) for LCD_goToRowColumn
    lcd.o(.text.LCD_displayCharRowColumn) refers to lcd.o(.text.LCD_displayCharacter) for LCD_displayCharacter
    lcd.o(.ARM.exidx.text.LCD_displayCharRowColumn) refers (Special) to _printf_d.o(.ARM.Collect$$_printf_percent$$00000009) for _printf_d
    lcd.o(.ARM.exidx.text.LCD_displayCharRowColumn) refers (Special) to _printf_dec.o(.text) for _printf_int_dec
    lcd.o(.ARM.exidx.text.LCD_displayCharRowColumn) refers (Special) to _printf_percent.o(.ARM.Collect$$_printf_percent$$00000000) for _printf_percent
    lcd.o(.ARM.exidx.text.LCD_displayCharRowColumn) refers to lcd.o(.text.LCD_displayCharRowColumn) for [Anonymous Symbol]
    startup_tm4c123.o(STACK) refers (Special) to heapauxi.o(.text) for __use_two_region_memory
    startup_tm4c123.o(HEAP) refers (Special) to heapauxi.o(.text) for __use_two_region_memory
    startup_tm4c123.o(RESET) refers (Special) to heapauxi.o(.text) for __use_two_region_memory
    startup_tm4c123.o(RESET) refers to startup_tm4c123.o(STACK) for __initial_sp
    startup_tm4c123.o(RESET) refers to startup_tm4c123.o(.text) for Reset_Handler
    startup_tm4c123.o(RESET) refers to main.o(.text.GPIOF_Handler) for GPIOF_Handler
    startup_tm4c123.o(.text) refers (Special) to heapauxi.o(.text) for __use_two_region_memory
    startup_tm4c123.o(.text) refers to system_tm4c123.o(.text.SystemInit) for SystemInit
    startup_tm4c123.o(.text) refers to __main.o(!!!main) for __main
    startup_tm4c123.o(.text) refers to startup_tm4c123.o(HEAP) for Heap_Mem
    startup_tm4c123.o(.text) refers to startup_tm4c123.o(STACK) for Stack_Mem
    system_tm4c123.o(.text.SystemCoreClockUpdate) refers to system_tm4c123.o(.text.getOscClk) for getOscClk
    system_tm4c123.o(.text.SystemCoreClockUpdate) refers to system_tm4c123.o(.data.SystemCoreClock) for SystemCoreClock
    system_tm4c123.o(.ARM.exidx.text.SystemCoreClockUpdate) refers to system_tm4c123.o(.text.SystemCoreClockUpdate) for [Anonymous Symbol]
    system_tm4c123.o(.text.getOscClk) refers to system_tm4c123.o(.rodata..Lswitch.table.getOscClk) for .Lswitch.table.getOscClk
    system_tm4c123.o(.ARM.exidx.text.getOscClk) refers to system_tm4c123.o(.text.getOscClk) for [Anonymous Symbol]
    system_tm4c123.o(.ARM.exidx.text.SystemInit) refers to system_tm4c123.o(.text.SystemInit) for [Anonymous Symbol]
    __2sprintf.o(.text) refers to _printf_char_common.o(.text) for _printf_char_common
    __2sprintf.o(.text) refers to _sputc.o(.text) for _sputc
    noretval__2sprintf.o(.text) refers to _printf_char_common.o(.text) for _printf_char_common
    noretval__2sprintf.o(.text) refers to _sputc.o(.text) for _sputc
    __printf.o(.text) refers to _printf_percent.o(.ARM.Collect$$_printf_percent$$00000000) for _printf_percent
    _printf_dec.o(.text) refers to _printf_intcommon.o(.text) for _printf_int_common
    __printf_flags.o(.text) refers to _printf_percent.o(.ARM.Collect$$_printf_percent$$00000000) for _printf_percent
    __printf_flags.o(.text) refers to __printf_flags.o(.constdata) for .constdata
    __printf_ss.o(.text) refers to _printf_percent.o(.ARM.Collect$$_printf_percent$$00000000) for _printf_percent
    __printf_flags_ss.o(.text) refers to _printf_percent.o(.ARM.Collect$$_printf_percent$$00000000) for _printf_percent
    __printf_flags_ss.o(.text) refers to __printf_flags_ss.o(.constdata) for .constdata
    __printf_wp.o(.text) refers to __printf_wp.o(i._is_digit) for _is_digit
    __printf_wp.o(.text) refers to _printf_percent.o(.ARM.Collect$$_printf_percent$$00000000) for _printf_percent
    __printf_flags_wp.o(.text) refers to __printf_wp.o(i._is_digit) for _is_digit
    __printf_flags_wp.o(.text) refers to _printf_percent.o(.ARM.Collect$$_printf_percent$$00000000) for _printf_percent
    __printf_flags_wp.o(.text) refers to __printf_flags_wp.o(.constdata) for .constdata
    __printf_ss_wp.o(.text) refers to __printf_wp.o(i._is_digit) for _is_digit
    __printf_ss_wp.o(.text) refers to _printf_percent.o(.ARM.Collect$$_printf_percent$$00000000) for _printf_percent
    __printf_flags_ss_wp.o(.text) refers to __printf_wp.o(i._is_digit) for _is_digit
    __printf_flags_ss_wp.o(.text) refers to _printf_percent.o(.ARM.Collect$$_printf_percent$$00000000) for _printf_percent
    __printf_flags_ss_wp.o(.text) refers to __printf_flags_ss_wp.o(.constdata) for .constdata
    _printf_d.o(.ARM.Collect$$_printf_percent$$00000009) refers (Weak) to _printf_dec.o(.text) for _printf_int_dec
    _printf_percent.o(.ARM.Collect$$_printf_percent$$00000000) refers (Special) to _printf_percent_end.o(.ARM.Collect$$_printf_percent$$00000017) for _printf_percent_end
    __main.o(!!!main) refers to __rtentry.o(.ARM.Collect$$rtentry$$00000000) for __rt_entry
    __rtentry.o(.ARM.Collect$$rtentry$$00000000) refers (Special) to __rtentry2.o(.ARM.Collect$$rtentry$$0000000A) for __rt_entry_li
    __rtentry.o(.ARM.Collect$$rtentry$$00000000) refers (Special) to __rtentry2.o(.ARM.Collect$$rtentry$$0000000D) for __rt_entry_main
    __rtentry.o(.ARM.Collect$$rtentry$$00000000) refers (Special) to __rtentry2.o(.ARM.Collect$$rtentry$$0000000C) for __rt_entry_postli_1
    __rtentry.o(.ARM.Collect$$rtentry$$00000000) refers (Special) to __rtentry2.o(.ARM.Collect$$rtentry$$00000009) for __rt_entry_postsh_1
    __rtentry.o(.ARM.Collect$$rtentry$$00000000) refers (Special) to __rtentry2.o(.ARM.Collect$$rtentry$$00000002) for __rt_entry_presh_1
    __rtentry.o(.ARM.Collect$$rtentry$$00000000) refers (Special) to __rtentry4.o(.ARM.Collect$$rtentry$$00000004) for __rt_entry_sh
    _printf_char_common.o(.text) refers to __printf.o(.text) for __printf
    __rtentry2.o(.ARM.Collect$$rtentry$$00000008) refers to boardinit2.o(.text) for _platform_post_stackheap_init
    __rtentry2.o(.ARM.Collect$$rtentry$$0000000A) refers to libinit.o(.ARM.Collect$$libinit$$00000000) for __rt_lib_init
    __rtentry2.o(.ARM.Collect$$rtentry$$0000000B) refers to boardinit3.o(.text) for _platform_post_lib_init
    __rtentry2.o(.ARM.Collect$$rtentry$$0000000D) refers to main.o(.text.main) for main
    __rtentry2.o(.ARM.Collect$$rtentry$$0000000D) refers to exit.o(.text) for exit
    __rtentry2.o(.ARM.exidx) refers to __rtentry2.o(.ARM.Collect$$rtentry$$00000001) for .ARM.Collect$$rtentry$$00000001
    __rtentry2.o(.ARM.exidx) refers to __rtentry2.o(.ARM.Collect$$rtentry$$00000008) for .ARM.Collect$$rtentry$$00000008
    __rtentry2.o(.ARM.exidx) refers to __rtentry2.o(.ARM.Collect$$rtentry$$0000000A) for .ARM.Collect$$rtentry$$0000000A
    __rtentry2.o(.ARM.exidx) refers to __rtentry2.o(.ARM.Collect$$rtentry$$0000000B) for .ARM.Collect$$rtentry$$0000000B
    __rtentry2.o(.ARM.exidx) refers to __rtentry2.o(.ARM.Collect$$rtentry$$0000000D) for .ARM.Collect$$rtentry$$0000000D
    __rtentry4.o(.ARM.Collect$$rtentry$$00000004) refers to sys_stackheap_outer.o(.text) for __user_setup_stackheap
    __rtentry4.o(.ARM.exidx) refers to __rtentry4.o(.ARM.Collect$$rtentry$$00000004) for .ARM.Collect$$rtentry$$00000004
    sys_stackheap_outer.o(.text) refers to libspace.o(.text) for __user_perproc_libspace
    sys_stackheap_outer.o(.text) refers to startup_tm4c123.o(.text) for __user_initial_stackheap
    exit.o(.text) refers to rtexit.o(.ARM.Collect$$rtexit$$00000000) for __rt_exit
    libinit.o(.ARM.Collect$$libinit$$00000000) refers (Special) to libinit2.o(.ARM.Collect$$libinit$$0000002E) for __rt_lib_init_alloca_1
    libinit.o(.ARM.Collect$$libinit$$00000000) refers (Special) to libinit2.o(.ARM.Collect$$libinit$$0000002C) for __rt_lib_init_argv_1
    libinit.o(.ARM.Collect$$libinit$$00000000) refers (Special) to libinit2.o(.ARM.Collect$$libinit$$0000001B) for __rt_lib_init_atexit_1
    libinit.o(.ARM.Collect$$libinit$$00000000) refers (Special) to libinit2.o(.ARM.Collect$$libinit$$00000021) for __rt_lib_init_clock_1
    libinit.o(.ARM.Collect$$libinit$$00000000) refers (Special) to libinit2.o(.ARM.Collect$$libinit$$00000032) for __rt_lib_init_cpp_1
    libinit.o(.ARM.Collect$$libinit$$00000000) refers (Special) to libinit2.o(.ARM.Collect$$libinit$$00000030) for __rt_lib_init_exceptions_1
    libinit.o(.ARM.Collect$$libinit$$00000000) refers (Special) to libinit2.o(.ARM.Collect$$libinit$$00000001) for __rt_lib_init_fp_1
    libinit.o(.ARM.Collect$$libinit$$00000000) refers (Special) to libinit2.o(.ARM.Collect$$libinit$$0000001F) for __rt_lib_init_fp_trap_1
    libinit.o(.ARM.Collect$$libinit$$00000000) refers (Special) to libinit2.o(.ARM.Collect$$libinit$$00000023) for __rt_lib_init_getenv_1
    libinit.o(.ARM.Collect$$libinit$$00000000) refers (Special) to libinit2.o(.ARM.Collect$$libinit$$0000000A) for __rt_lib_init_heap_1
    libinit.o(.ARM.Collect$$libinit$$00000000) refers (Special) to libinit2.o(.ARM.Collect$$libinit$$00000011) for __rt_lib_init_lc_collate_1
    libinit.o(.ARM.Collect$$libinit$$00000000) refers (Special) to libinit2.o(.ARM.Collect$$libinit$$00000013) for __rt_lib_init_lc_ctype_1
    libinit.o(.ARM.Collect$$libinit$$00000000) refers (Special) to libinit2.o(.ARM.Collect$$libinit$$00000015) for __rt_lib_init_lc_monetary_1
    libinit.o(.ARM.Collect$$libinit$$00000000) refers (Special) to libinit2.o(.ARM.Collect$$libinit$$00000017) for __rt_lib_init_lc_numeric_1
    libinit.o(.ARM.Collect$$libinit$$00000000) refers (Special) to libinit2.o(.ARM.Collect$$libinit$$00000019) for __rt_lib_init_lc_time_1
    libinit.o(.ARM.Collect$$libinit$$00000000) refers (Special) to libinit2.o(.ARM.Collect$$libinit$$00000004) for __rt_lib_init_preinit_1
    libinit.o(.ARM.Collect$$libinit$$00000000) refers (Special) to libinit2.o(.ARM.Collect$$libinit$$0000000E) for __rt_lib_init_rand_1
    libinit.o(.ARM.Collect$$libinit$$00000000) refers (Special) to libinit2.o(.ARM.Collect$$libinit$$00000033) for __rt_lib_init_return
    libinit.o(.ARM.Collect$$libinit$$00000000) refers (Special) to libinit2.o(.ARM.Collect$$libinit$$0000001D) for __rt_lib_init_signal_1
    libinit.o(.ARM.Collect$$libinit$$00000000) refers (Special) to libinit2.o(.ARM.Collect$$libinit$$00000025) for __rt_lib_init_stdio_1
    libinit.o(.ARM.Collect$$libinit$$00000000) refers (Special) to libinit2.o(.ARM.Collect$$libinit$$0000000C) for __rt_lib_init_user_alloc_1
    libspace.o(.text) refers to libspace.o(.bss) for __libspace_start
    rtexit.o(.ARM.Collect$$rtexit$$00000000) refers (Special) to rtexit2.o(.ARM.Collect$$rtexit$$00000004) for __rt_exit_exit
    rtexit.o(.ARM.Collect$$rtexit$$00000000) refers (Special) to rtexit2.o(.ARM.Collect$$rtexit$$00000003) for __rt_exit_ls
    rtexit.o(.ARM.Collect$$rtexit$$00000000) refers (Special) to rtexit2.o(.ARM.Collect$$rtexit$$00000002) for __rt_exit_prels_1
    rtexit.o(.ARM.exidx) refers (Special) to rtexit2.o(.ARM.Collect$$rtexit$$00000004) for __rt_exit_exit
    rtexit.o(.ARM.exidx) refers (Special) to rtexit2.o(.ARM.Collect$$rtexit$$00000003) for __rt_exit_ls
    rtexit.o(.ARM.exidx) refers (Special) to rtexit2.o(.ARM.Collect$$rtexit$$00000002) for __rt_exit_prels_1
    rtexit.o(.ARM.exidx) refers to rtexit.o(.ARM.Collect$$rtexit$$00000000) for .ARM.Collect$$rtexit$$00000000
    libinit2.o(.ARM.Collect$$libinit$$00000001) refers to fpinit.o(x$fpl$fpinit) for _fp_init
    libinit2.o(.ARM.Collect$$libinit$$00000010) refers to libinit2.o(.ARM.Collect$$libinit$$0000000F) for .ARM.Collect$$libinit$$0000000F
    libinit2.o(.ARM.Collect$$libinit$$00000012) refers to libinit2.o(.ARM.Collect$$libinit$$0000000F) for .ARM.Collect$$libinit$$0000000F
    libinit2.o(.ARM.Collect$$libinit$$00000014) refers to libinit2.o(.ARM.Collect$$libinit$$0000000F) for .ARM.Collect$$libinit$$0000000F
    libinit2.o(.ARM.Collect$$libinit$$00000016) refers to libinit2.o(.ARM.Collect$$libinit$$0000000F) for .ARM.Collect$$libinit$$0000000F
    libinit2.o(.ARM.Collect$$libinit$$00000018) refers to libinit2.o(.ARM.Collect$$libinit$$0000000F) for .ARM.Collect$$libinit$$0000000F
    libinit2.o(.ARM.Collect$$libinit$$00000026) refers to argv_veneer.o(.emb_text) for __ARM_argv_veneer
    libinit2.o(.ARM.Collect$$libinit$$00000027) refers to argv_veneer.o(.emb_text) for __ARM_argv_veneer
    rtexit2.o(.ARM.Collect$$rtexit$$00000003) refers to libshutdown.o(.ARM.Collect$$libshutdown$$00000000) for __rt_lib_shutdown
    rtexit2.o(.ARM.Collect$$rtexit$$00000004) refers to sys_exit.o(.text) for _sys_exit
    rtexit2.o(.ARM.exidx) refers to rtexit2.o(.ARM.Collect$$rtexit$$00000001) for .ARM.Collect$$rtexit$$00000001
    rtexit2.o(.ARM.exidx) refers to rtexit2.o(.ARM.Collect$$rtexit$$00000003) for .ARM.Collect$$rtexit$$00000003
    rtexit2.o(.ARM.exidx) refers to rtexit2.o(.ARM.Collect$$rtexit$$00000004) for .ARM.Collect$$rtexit$$00000004
    argv_veneer.o(.emb_text) refers to no_argv.o(.text) for __ARM_get_argv
    sys_exit.o(.text) refers (Special) to use_no_semi.o(.text) for __I$use$semihosting
    sys_exit.o(.text) refers (Special) to indicate_semi.o(.text) for __semihosting_library_function
    sys_exit_hlt.o(.text) refers (Special) to use_no_semi.o(.text) for __I$use$semihosting
    sys_exit_hlt.o(.text) refers (Special) to indicate_semi.o(.text) for __semihosting_library_function
    _get_argv_nomalloc.o(.text) refers (Special) to hrguard.o(.text) for __heap_region$guard
    _get_argv_nomalloc.o(.text) refers to defsig_rtmem_outer.o(.text) for __rt_SIGRTMEM
    _get_argv_nomalloc.o(.text) refers to sys_command.o(.text) for _sys_command_string
    libshutdown.o(.ARM.Collect$$libshutdown$$00000000) refers (Special) to libshutdown2.o(.ARM.Collect$$libshutdown$$00000002) for __rt_lib_shutdown_cpp_1
    libshutdown.o(.ARM.Collect$$libshutdown$$00000000) refers (Special) to libshutdown2.o(.ARM.Collect$$libshutdown$$00000007) for __rt_lib_shutdown_fp_trap_1
    libshutdown.o(.ARM.Collect$$libshutdown$$00000000) refers (Special) to libshutdown2.o(.ARM.Collect$$libshutdown$$0000000F) for __rt_lib_shutdown_heap_1
    libshutdown.o(.ARM.Collect$$libshutdown$$00000000) refers (Special) to libshutdown2.o(.ARM.Collect$$libshutdown$$00000010) for __rt_lib_shutdown_return
    libshutdown.o(.ARM.Collect$$libshutdown$$00000000) refers (Special) to libshutdown2.o(.ARM.Collect$$libshutdown$$0000000A) for __rt_lib_shutdown_signal_1
    libshutdown.o(.ARM.Collect$$libshutdown$$00000000) refers (Special) to libshutdown2.o(.ARM.Collect$$libshutdown$$00000004) for __rt_lib_shutdown_stdio_1
    libshutdown.o(.ARM.Collect$$libshutdown$$00000000) refers (Special) to libshutdown2.o(.ARM.Collect$$libshutdown$$0000000C) for __rt_lib_shutdown_user_alloc_1
    sys_command.o(.text) refers (Special) to use_no_semi.o(.text) for __I$use$semihosting
    sys_command.o(.text) refers (Special) to indicate_semi.o(.text) for __semihosting_library_function
    sys_command_hlt.o(.text) refers (Special) to use_no_semi.o(.text) for __I$use$semihosting
    sys_command_hlt.o(.text) refers (Special) to indicate_semi.o(.text) for __semihosting_library_function
    defsig_rtmem_outer.o(.text) refers to defsig_rtmem_inner.o(.text) for __rt_SIGRTMEM_inner
    defsig_rtmem_outer.o(.text) refers to defsig_exit.o(.text) for __sig_exit
    defsig_rtmem_formal.o(.text) refers to rt_raise.o(.text) for __rt_raise
    rt_raise.o(.text) refers to __raise.o(.text) for __raise
    rt_raise.o(.text) refers to sys_exit.o(.text) for _sys_exit
    defsig_exit.o(.text) refers to sys_exit.o(.text) for _sys_exit
    defsig_rtmem_inner.o(.text) refers to defsig_general.o(.text) for __default_signal_display
    __raise.o(.text) refers to defsig.o(CL$$defsig) for __default_signal_handler
    defsig_general.o(.text) refers to sys_wrch.o(.text) for _ttywrch
    sys_wrch.o(.text) refers (Special) to use_no_semi.o(.text) for __I$use$semihosting
    sys_wrch.o(.text) refers (Special) to indicate_semi.o(.text) for __semihosting_library_function
    sys_wrch_hlt.o(.text) refers (Special) to use_no_semi.o(.text) for __I$use$semihosting
    sys_wrch_hlt.o(.text) refers (Special) to indicate_semi.o(.text) for __semihosting_library_function
    defsig.o(CL$$defsig) refers to defsig_rtmem_inner.o(.text) for __rt_SIGRTMEM_inner
    defsig_abrt_inner.o(.text) refers to defsig_general.o(.text) for __default_signal_display
    defsig_fpe_inner.o(.text) refers to defsig_general.o(.text) for __default_signal_display
    defsig_rtred_inner.o(.text) refers to defsig_general.o(.text) for __default_signal_display
    defsig_stak_inner.o(.text) refers to defsig_general.o(.text) for __default_signal_display
    defsig_pvfn_inner.o(.text) refers to defsig_general.o(.text) for __default_signal_display
    defsig_cppl_inner.o(.text) refers to defsig_general.o(.text) for __default_signal_display
    defsig_segv_inner.o(.text) refers to defsig_general.o(.text) for __default_signal_display
    defsig_other.o(.text) refers to defsig_general.o(.text) for __default_signal_display


==============================================================================

Removing Unused input sections from the image.

    Removing main.o(.text), (0 bytes).
    Removing main.o(.ARM.exidx.text.main), (8 bytes).
    Removing main.o(.ARM.exidx.text.Display_Time), (8 bytes).
    Removing main.o(.ARM.exidx.text.ToggleLedBuzzer), (8 bytes).
    Removing main.o(.ARM.exidx.text.GPIOF_Handler), (8 bytes).
    Removing main.o(.ARM.use_no_argv), (4 bytes).
    Removing gpio.o(.text), (0 bytes).
    Removing gpio.o(.ARM.exidx.text.GPIO_setupPinDirection), (8 bytes).
    Removing gpio.o(.ARM.exidx.text.GPIO_writePin), (8 bytes).
    Removing gpio.o(.ARM.exidx.text.GPIO_togglePin), (8 bytes).
    Removing gpio.o(.text.GPIO_readPin), (78 bytes).
    Removing gpio.o(.ARM.exidx.text.GPIO_readPin), (8 bytes).
    Removing gpio.o(.ARM.exidx.text.GPIO_setupPortDirection), (8 bytes).
    Removing gpio.o(.text.GPIO_writePort), (68 bytes).
    Removing gpio.o(.ARM.exidx.text.GPIO_writePort), (8 bytes).
    Removing gpio.o(.text.GPIO_togglePort), (76 bytes).
    Removing gpio.o(.ARM.exidx.text.GPIO_togglePort), (8 bytes).
    Removing gpio.o(.text.GPIO_readPort), (70 bytes).
    Removing gpio.o(.ARM.exidx.text.GPIO_readPort), (8 bytes).
    Removing gpio.o(.ARM.exidx.text.GPIOF_EnableInt), (8 bytes).
    Removing systick.o(.text), (0 bytes).
    Removing systick.o(.ARM.exidx.text.SysTick_Init), (8 bytes).
    Removing systick.o(.text.SysTick_Disable), (18 bytes).
    Removing systick.o(.ARM.exidx.text.SysTick_Disable), (8 bytes).
    Removing systick.o(.ARM.exidx.text.SysTick_Wait), (8 bytes).
    Removing systick.o(.ARM.exidx.text.SysTick_Wait1s), (8 bytes).
    Removing systick.o(.ARM.exidx.text.delayMs), (8 bytes).
    Removing systick.o(.ARM.exidx.text.delayUs), (8 bytes).
    Removing keypad.o(.text), (0 bytes).
    Removing keypad.o(.ARM.exidx.text.KEYPAD_Init), (8 bytes).
    Removing keypad.o(.ARM.exidx.text.KEYPAD_Getkey), (8 bytes).
    Removing lcd.o(.text), (0 bytes).
    Removing lcd.o(.ARM.exidx.text.LCD_Init), (8 bytes).
    Removing lcd.o(.ARM.exidx.text.LCD_sendCommand), (8 bytes).
    Removing lcd.o(.ARM.exidx.text.LCD_writeBits), (8 bytes).
    Removing lcd.o(.ARM.exidx.text.LCD_displayCharacter), (8 bytes).
    Removing lcd.o(.ARM.exidx.text.LCD_displayString), (8 bytes).
    Removing lcd.o(.ARM.exidx.text.LCD_goToRowColumn), (8 bytes).
    Removing lcd.o(.ARM.exidx.text.LCD_clearScreen), (8 bytes).
    Removing lcd.o(.ARM.exidx.text.LCD_displayTime), (8 bytes).
    Removing lcd.o(.ARM.exidx.text.LCD_PrintINT), (8 bytes).
    Removing lcd.o(.ARM.exidx.text.LCD_displayStringRowColumn), (8 bytes).
    Removing lcd.o(.ARM.exidx.text.LCD_displayCharRowColumn), (8 bytes).
    Removing system_tm4c123.o(.text), (0 bytes).
    Removing system_tm4c123.o(.text.SystemCoreClockUpdate), (142 bytes).
    Removing system_tm4c123.o(.ARM.exidx.text.SystemCoreClockUpdate), (8 bytes).
    Removing system_tm4c123.o(.text.getOscClk), (56 bytes).
    Removing system_tm4c123.o(.ARM.exidx.text.getOscClk), (8 bytes).
    Removing system_tm4c123.o(.ARM.exidx.text.SystemInit), (8 bytes).
    Removing system_tm4c123.o(.data.SystemCoreClock), (4 bytes).
    Removing system_tm4c123.o(.rodata..Lswitch.table.getOscClk), (92 bytes).

51 unused section(s) (total 888 bytes) removed from the image.

==============================================================================

Image Symbol Table

    Local Symbols

    Symbol Name                              Value     Ov Type        Size  Object(Section)

    ../clib/angel/boardlib.s                 0x00000000   Number         0  boardinit1.o ABSOLUTE
    ../clib/angel/boardlib.s                 0x00000000   Number         0  boardinit2.o ABSOLUTE
    ../clib/angel/boardlib.s                 0x00000000   Number         0  boardinit3.o ABSOLUTE
    ../clib/angel/boardlib.s                 0x00000000   Number         0  boardshut.o ABSOLUTE
    ../clib/angel/handlers.s                 0x00000000   Number         0  __scatter_zi.o ABSOLUTE
    ../clib/angel/kernel.s                   0x00000000   Number         0  __rtentry.o ABSOLUTE
    ../clib/angel/kernel.s                   0x00000000   Number         0  __rtentry2.o ABSOLUTE
    ../clib/angel/kernel.s                   0x00000000   Number         0  __rtentry4.o ABSOLUTE
    ../clib/angel/kernel.s                   0x00000000   Number         0  rtexit.o ABSOLUTE
    ../clib/angel/kernel.s                   0x00000000   Number         0  rtexit2.o ABSOLUTE
    ../clib/angel/rt.s                       0x00000000   Number         0  rt_raise.o ABSOLUTE
    ../clib/angel/scatter.s                  0x00000000   Number         0  __scatter.o ABSOLUTE
    ../clib/angel/startup.s                  0x00000000   Number         0  __main.o ABSOLUTE
    ../clib/angel/sys.s                      0x00000000   Number         0  sys_stackheap_outer.o ABSOLUTE
    ../clib/angel/sys.s                      0x00000000   Number         0  libspace.o ABSOLUTE
    ../clib/angel/sys.s                      0x00000000   Number         0  use_no_semi.o ABSOLUTE
    ../clib/angel/sys.s                      0x00000000   Number         0  indicate_semi.o ABSOLUTE
    ../clib/angel/sysapp.c                   0x00000000   Number         0  sys_exit.o ABSOLUTE
    ../clib/angel/sysapp.c                   0x00000000   Number         0  sys_exit_hlt.o ABSOLUTE
    ../clib/angel/sysapp.c                   0x00000000   Number         0  sys_command.o ABSOLUTE
    ../clib/angel/sysapp.c                   0x00000000   Number         0  sys_command_hlt.o ABSOLUTE
    ../clib/angel/sysapp.c                   0x00000000   Number         0  sys_wrch.o ABSOLUTE
    ../clib/angel/sysapp.c                   0x00000000   Number         0  sys_wrch_hlt.o ABSOLUTE
    ../clib/armsys.c                         0x00000000   Number         0  argv_veneer.o ABSOLUTE
    ../clib/armsys.c                         0x00000000   Number         0  argv_veneer.o ABSOLUTE
    ../clib/armsys.c                         0x00000000   Number         0  _get_argv_nomalloc.o ABSOLUTE
    ../clib/armsys.c                         0x00000000   Number         0  no_argv.o ABSOLUTE
    ../clib/heapalloc.c                      0x00000000   Number         0  hrguard.o ABSOLUTE
    ../clib/heapaux.c                        0x00000000   Number         0  heapauxi.o ABSOLUTE
    ../clib/libinit.s                        0x00000000   Number         0  libinit.o ABSOLUTE
    ../clib/libinit.s                        0x00000000   Number         0  libinit2.o ABSOLUTE
    ../clib/libinit.s                        0x00000000   Number         0  libshutdown.o ABSOLUTE
    ../clib/libinit.s                        0x00000000   Number         0  libshutdown2.o ABSOLUTE
    ../clib/printf.c                         0x00000000   Number         0  __2sprintf.o ABSOLUTE
    ../clib/printf.c                         0x00000000   Number         0  noretval__2sprintf.o ABSOLUTE
    ../clib/printf.c                         0x00000000   Number         0  __printf.o ABSOLUTE
    ../clib/printf.c                         0x00000000   Number         0  _printf_dec.o ABSOLUTE
    ../clib/printf.c                         0x00000000   Number         0  __printf_flags.o ABSOLUTE
    ../clib/printf.c                         0x00000000   Number         0  __printf_ss.o ABSOLUTE
    ../clib/printf.c                         0x00000000   Number         0  __printf_flags_ss.o ABSOLUTE
    ../clib/printf.c                         0x00000000   Number         0  __printf_wp.o ABSOLUTE
    ../clib/printf.c                         0x00000000   Number         0  __printf_flags_wp.o ABSOLUTE
    ../clib/printf.c                         0x00000000   Number         0  __printf_ss_wp.o ABSOLUTE
    ../clib/printf.c                         0x00000000   Number         0  __printf_flags_ss_wp.o ABSOLUTE
    ../clib/printf.c                         0x00000000   Number         0  _printf_intcommon.o ABSOLUTE
    ../clib/printf.c                         0x00000000   Number         0  _printf_char_common.o ABSOLUTE
    ../clib/printf.c                         0x00000000   Number         0  _sputc.o ABSOLUTE
    ../clib/printf.c                         0x00000000   Number         0  __printf_nopercent.o ABSOLUTE
    ../clib/printf_percent.s                 0x00000000   Number         0  _printf_d.o ABSOLUTE
    ../clib/printf_percent.s                 0x00000000   Number         0  _printf_percent.o ABSOLUTE
    ../clib/printf_percent.s                 0x00000000   Number         0  _printf_percent_end.o ABSOLUTE
    ../clib/signal.c                         0x00000000   Number         0  defsig_rtmem_outer.o ABSOLUTE
    ../clib/signal.c                         0x00000000   Number         0  defsig_rtmem_formal.o ABSOLUTE
    ../clib/signal.c                         0x00000000   Number         0  defsig_exit.o ABSOLUTE
    ../clib/signal.c                         0x00000000   Number         0  defsig_rtmem_inner.o ABSOLUTE
    ../clib/signal.c                         0x00000000   Number         0  __raise.o ABSOLUTE
    ../clib/signal.c                         0x00000000   Number         0  defsig_general.o ABSOLUTE
    ../clib/signal.c                         0x00000000   Number         0  defsig_abrt_inner.o ABSOLUTE
    ../clib/signal.c                         0x00000000   Number         0  defsig_fpe_inner.o ABSOLUTE
    ../clib/signal.c                         0x00000000   Number         0  defsig_rtred_inner.o ABSOLUTE
    ../clib/signal.c                         0x00000000   Number         0  defsig_stak_inner.o ABSOLUTE
    ../clib/signal.c                         0x00000000   Number         0  defsig_pvfn_inner.o ABSOLUTE
    ../clib/signal.c                         0x00000000   Number         0  defsig_cppl_inner.o ABSOLUTE
    ../clib/signal.c                         0x00000000   Number         0  defsig_segv_inner.o ABSOLUTE
    ../clib/signal.c                         0x00000000   Number         0  defsig_other.o ABSOLUTE
    ../clib/signal.s                         0x00000000   Number         0  defsig.o ABSOLUTE
    ../clib/stdlib.c                         0x00000000   Number         0  exit.o ABSOLUTE
    ../fplib/fpinit.s                        0x00000000   Number         0  fpinit.o ABSOLUTE
    LCD.c                                    0x00000000   Number         0  lcd.o ABSOLUTE
    RTE\Device\TM4C123GH6PM\startup_TM4C123.s 0x00000000   Number         0  startup_tm4c123.o ABSOLUTE
    dc.s                                     0x00000000   Number         0  dc.o ABSOLUTE
    gpio.c                                   0x00000000   Number         0  gpio.o ABSOLUTE
    keypad.c                                 0x00000000   Number         0  keypad.o ABSOLUTE
    main.c                                   0x00000000   Number         0  main.o ABSOLUTE
    system_TM4C123.c                         0x00000000   Number         0  system_tm4c123.o ABSOLUTE
    systick.c                                0x00000000   Number         0  systick.o ABSOLUTE
    RESET                                    0x00000000   Section      620  startup_tm4c123.o(RESET)
    !!!main                                  0x0000026c   Section        8  __main.o(!!!main)
    !!!scatter                               0x00000274   Section       52  __scatter.o(!!!scatter)
    !!handler_zi                             0x000002a8   Section       28  __scatter_zi.o(!!handler_zi)
    .ARM.Collect$$_printf_percent$$00000000  0x000002c4   Section        0  _printf_percent.o(.ARM.Collect$$_printf_percent$$00000000)
    .ARM.Collect$$_printf_percent$$00000009  0x000002c4   Section        6  _printf_d.o(.ARM.Collect$$_printf_percent$$00000009)
    .ARM.Collect$$_printf_percent$$00000017  0x000002ca   Section        4  _printf_percent_end.o(.ARM.Collect$$_printf_percent$$00000017)
    .ARM.Collect$$libinit$$00000000          0x000002ce   Section        2  libinit.o(.ARM.Collect$$libinit$$00000000)
    .ARM.Collect$$libinit$$00000001          0x000002d0   Section        4  libinit2.o(.ARM.Collect$$libinit$$00000001)
    .ARM.Collect$$libinit$$00000004          0x000002d4   Section        0  libinit2.o(.ARM.Collect$$libinit$$00000004)
    .ARM.Collect$$libinit$$0000000A          0x000002d4   Section        0  libinit2.o(.ARM.Collect$$libinit$$0000000A)
    .ARM.Collect$$libinit$$0000000C          0x000002d4   Section        0  libinit2.o(.ARM.Collect$$libinit$$0000000C)
    .ARM.Collect$$libinit$$0000000E          0x000002d4   Section        0  libinit2.o(.ARM.Collect$$libinit$$0000000E)
    .ARM.Collect$$libinit$$00000011          0x000002d4   Section        0  libinit2.o(.ARM.Collect$$libinit$$00000011)
    .ARM.Collect$$libinit$$00000013          0x000002d4   Section        0  libinit2.o(.ARM.Collect$$libinit$$00000013)
    .ARM.Collect$$libinit$$00000015          0x000002d4   Section        0  libinit2.o(.ARM.Collect$$libinit$$00000015)
    .ARM.Collect$$libinit$$00000017          0x000002d4   Section        0  libinit2.o(.ARM.Collect$$libinit$$00000017)
    .ARM.Collect$$libinit$$00000019          0x000002d4   Section        0  libinit2.o(.ARM.Collect$$libinit$$00000019)
    .ARM.Collect$$libinit$$0000001B          0x000002d4   Section        0  libinit2.o(.ARM.Collect$$libinit$$0000001B)
    .ARM.Collect$$libinit$$0000001D          0x000002d4   Section        0  libinit2.o(.ARM.Collect$$libinit$$0000001D)
    .ARM.Collect$$libinit$$0000001F          0x000002d4   Section        0  libinit2.o(.ARM.Collect$$libinit$$0000001F)
    .ARM.Collect$$libinit$$00000021          0x000002d4   Section        0  libinit2.o(.ARM.Collect$$libinit$$00000021)
    .ARM.Collect$$libinit$$00000023          0x000002d4   Section        0  libinit2.o(.ARM.Collect$$libinit$$00000023)
    .ARM.Collect$$libinit$$00000025          0x000002d4   Section        0  libinit2.o(.ARM.Collect$$libinit$$00000025)
    .ARM.Collect$$libinit$$0000002C          0x000002d4   Section        0  libinit2.o(.ARM.Collect$$libinit$$0000002C)
    .ARM.Collect$$libinit$$0000002E          0x000002d4   Section        0  libinit2.o(.ARM.Collect$$libinit$$0000002E)
    .ARM.Collect$$libinit$$00000030          0x000002d4   Section        0  libinit2.o(.ARM.Collect$$libinit$$00000030)
    .ARM.Collect$$libinit$$00000032          0x000002d4   Section        0  libinit2.o(.ARM.Collect$$libinit$$00000032)
    .ARM.Collect$$libinit$$00000033          0x000002d4   Section        2  libinit2.o(.ARM.Collect$$libinit$$00000033)
    .ARM.Collect$$libshutdown$$00000000      0x000002d6   Section        2  libshutdown.o(.ARM.Collect$$libshutdown$$00000000)
    .ARM.Collect$$libshutdown$$00000002      0x000002d8   Section        0  libshutdown2.o(.ARM.Collect$$libshutdown$$00000002)
    .ARM.Collect$$libshutdown$$00000004      0x000002d8   Section        0  libshutdown2.o(.ARM.Collect$$libshutdown$$00000004)
    .ARM.Collect$$libshutdown$$00000007      0x000002d8   Section        0  libshutdown2.o(.ARM.Collect$$libshutdown$$00000007)
    .ARM.Collect$$libshutdown$$0000000A      0x000002d8   Section        0  libshutdown2.o(.ARM.Collect$$libshutdown$$0000000A)
    .ARM.Collect$$libshutdown$$0000000C      0x000002d8   Section        0  libshutdown2.o(.ARM.Collect$$libshutdown$$0000000C)
    .ARM.Collect$$libshutdown$$0000000F      0x000002d8   Section        0  libshutdown2.o(.ARM.Collect$$libshutdown$$0000000F)
    .ARM.Collect$$libshutdown$$00000010      0x000002d8   Section        2  libshutdown2.o(.ARM.Collect$$libshutdown$$00000010)
    .ARM.Collect$$rtentry$$00000000          0x000002da   Section        0  __rtentry.o(.ARM.Collect$$rtentry$$00000000)
    .ARM.Collect$$rtentry$$00000002          0x000002da   Section        0  __rtentry2.o(.ARM.Collect$$rtentry$$00000002)
    .ARM.Collect$$rtentry$$00000004          0x000002da   Section        6  __rtentry4.o(.ARM.Collect$$rtentry$$00000004)
    .ARM.Collect$$rtentry$$00000009          0x000002e0   Section        0  __rtentry2.o(.ARM.Collect$$rtentry$$00000009)
    .ARM.Collect$$rtentry$$0000000A          0x000002e0   Section        4  __rtentry2.o(.ARM.Collect$$rtentry$$0000000A)
    .ARM.Collect$$rtentry$$0000000C          0x000002e4   Section        0  __rtentry2.o(.ARM.Collect$$rtentry$$0000000C)
    .ARM.Collect$$rtentry$$0000000D          0x000002e4   Section        8  __rtentry2.o(.ARM.Collect$$rtentry$$0000000D)
    .ARM.Collect$$rtexit$$00000000           0x000002ec   Section        2  rtexit.o(.ARM.Collect$$rtexit$$00000000)
    .ARM.Collect$$rtexit$$00000002           0x000002ee   Section        0  rtexit2.o(.ARM.Collect$$rtexit$$00000002)
    .ARM.Collect$$rtexit$$00000003           0x000002ee   Section        4  rtexit2.o(.ARM.Collect$$rtexit$$00000003)
    .ARM.Collect$$rtexit$$00000004           0x000002f2   Section        6  rtexit2.o(.ARM.Collect$$rtexit$$00000004)
    $v0                                      0x000002f8   Number         0  startup_tm4c123.o(.text)
    .text                                    0x000002f8   Section      276  startup_tm4c123.o(.text)
    .text                                    0x0000040c   Section        0  noretval__2sprintf.o(.text)
    .text                                    0x00000434   Section        0  __printf.o(.text)
    .text                                    0x0000049c   Section        0  _printf_dec.o(.text)
    .text                                    0x00000514   Section        0  heapauxi.o(.text)
    .text                                    0x0000051a   Section        0  _printf_intcommon.o(.text)
    _printf_input_char                       0x000005cd   Thumb Code    10  _printf_char_common.o(.text)
    .text                                    0x000005cc   Section        0  _printf_char_common.o(.text)
    .text                                    0x000005fc   Section        0  _sputc.o(.text)
    .text                                    0x00000606   Section       74  sys_stackheap_outer.o(.text)
    .text                                    0x00000650   Section        0  exit.o(.text)
    .text                                    0x00000664   Section        8  libspace.o(.text)
    .text                                    0x0000066c   Section        0  sys_exit.o(.text)
    .text                                    0x00000678   Section        2  use_no_semi.o(.text)
    .text                                    0x0000067a   Section        0  indicate_semi.o(.text)
    [Anonymous Symbol]                       0x0000067c   Section        0  main.o(.text.Display_Time)
    [Anonymous Symbol]                       0x0000074c   Section        0  gpio.o(.text.GPIOF_EnableInt)
    [Anonymous Symbol]                       0x0000079c   Section        0  main.o(.text.GPIOF_Handler)
    [Anonymous Symbol]                       0x00000854   Section        0  gpio.o(.text.GPIO_setupPinDirection)
    [Anonymous Symbol]                       0x00000ac8   Section        0  gpio.o(.text.GPIO_setupPortDirection)
    [Anonymous Symbol]                       0x00000b8c   Section        0  gpio.o(.text.GPIO_togglePin)
    [Anonymous Symbol]                       0x00000bec   Section        0  gpio.o(.text.GPIO_writePin)
    [Anonymous Symbol]                       0x00000c50   Section        0  keypad.o(.text.KEYPAD_Getkey)
    keymap                                   0x00000ca8   Number         0  keypad.o(.text.KEYPAD_Getkey)
    [Anonymous Symbol]                       0x00000cb8   Section        0  keypad.o(.text.KEYPAD_Init)
    [Anonymous Symbol]                       0x00000d2c   Section        0  lcd.o(.text.LCD_Init)
    [Anonymous Symbol]                       0x00000d64   Section        0  lcd.o(.text.LCD_PrintINT)
    [Anonymous Symbol]                       0x00000d98   Section        0  lcd.o(.text.LCD_clearScreen)
    [Anonymous Symbol]                       0x00000da0   Section        0  lcd.o(.text.LCD_displayCharRowColumn)
    [Anonymous Symbol]                       0x00000db4   Section        0  lcd.o(.text.LCD_displayCharacter)
    [Anonymous Symbol]                       0x00000dd8   Section        0  lcd.o(.text.LCD_displayString)
    [Anonymous Symbol]                       0x00000dfc   Section        0  lcd.o(.text.LCD_displayStringRowColumn)
    [Anonymous Symbol]                       0x00000e10   Section        0  lcd.o(.text.LCD_displayTime)
    [Anonymous Symbol]                       0x00000e84   Section        0  lcd.o(.text.LCD_goToRowColumn)
    [Anonymous Symbol]                       0x00000e9c   Section        0  lcd.o(.text.LCD_sendCommand)
    [Anonymous Symbol]                       0x00000ec0   Section        0  lcd.o(.text.LCD_writeBits)
    [Anonymous Symbol]                       0x00000eec   Section        0  systick.o(.text.SysTick_Init)
    [Anonymous Symbol]                       0x00000f14   Section        0  systick.o(.text.SysTick_Wait)
    [Anonymous Symbol]                       0x00000f2c   Section        0  systick.o(.text.SysTick_Wait1s)
    [Anonymous Symbol]                       0x00000f5c   Section        0  system_tm4c123.o(.text.SystemInit)
    [Anonymous Symbol]                       0x00000f70   Section        0  main.o(.text.ToggleLedBuzzer)
    [Anonymous Symbol]                       0x00001018   Section        0  systick.o(.text.delayMs)
    [Anonymous Symbol]                       0x00001040   Section        0  systick.o(.text.delayUs)
    [Anonymous Symbol]                       0x00001068   Section        0  main.o(.text.main)
    $v0                                      0x00001338   Number         0  fpinit.o(x$fpl$fpinit)
    x$fpl$fpinit                             0x00001338   Section       26  fpinit.o(x$fpl$fpinit)
    .L.str.1                                 0x00001352   Data          13  main.o(.rodata.str1.1)
    [Anonymous Symbol]                       0x00001352   Section        0  main.o(.rodata.str1.1)
    .L.str.4                                 0x0000135f   Data          16  main.o(.rodata.str1.1)
    .L.str.3                                 0x0000136f   Data           4  main.o(.rodata.str1.1)
    .L.str.2                                 0x00001373   Data           7  main.o(.rodata.str1.1)
    .bss                                     0x20000000   Section       96  libspace.o(.bss)
    CASED_FLAG                               0x20000060   Data           1  main.o(.bss.CASED_FLAG)
    [Anonymous Symbol]                       0x20000060   Section        0  main.o(.bss.CASED_FLAG)
    CLEAR_FLAG                               0x20000061   Data           1  main.o(.bss.CLEAR_FLAG)
    [Anonymous Symbol]                       0x20000061   Section        0  main.o(.bss.CLEAR_FLAG)
    DOOR_FLAG                                0x20000062   Data           1  main.o(.bss.DOOR_FLAG)
    [Anonymous Symbol]                       0x20000062   Section        0  main.o(.bss.DOOR_FLAG)
    SW1_FLAG                                 0x20000063   Data           1  main.o(.bss.SW1_FLAG)
    [Anonymous Symbol]                       0x20000063   Section        0  main.o(.bss.SW1_FLAG)
    SW2_FLAG                                 0x20000064   Data           1  main.o(.bss.SW2_FLAG)
    [Anonymous Symbol]                       0x20000064   Section        0  main.o(.bss.SW2_FLAG)
    Heap_Mem                                 0x20000068   Data           0  startup_tm4c123.o(HEAP)
    Stack_Mem                                0x20000068   Data         512  startup_tm4c123.o(STACK)
    HEAP                                     0x20000068   Section        0  startup_tm4c123.o(HEAP)
    STACK                                    0x20000068   Section      512  startup_tm4c123.o(STACK)
    __initial_sp                             0x20000268   Data           0  startup_tm4c123.o(STACK)

    Global Symbols

    Symbol Name                              Value     Ov Type        Size  Object(Section)

    BuildAttributes$$THM_ISAv4$E$P$D$K$B$S$7EM$VFPi3$EXTD16$VFPS$VFMA$PE$A:L22UL41UL21$X:L11$S22US41US21$IEEE1$IW$~IW$USESV6$~STKCKD$USESV7$~SHL$OTIME$ROPI$EBA8$UX$STANDARDLIB$REQ8$PRES8$EABIv2 0x00000000   Number         0  anon$$obj.o ABSOLUTE
    __Vectors                                0x00000000   Data           4  startup_tm4c123.o(RESET)
    __ARM_exceptions_init                     - Undefined Weak Reference
    __alloca_initialize                       - Undefined Weak Reference
    __arm_preinit_                            - Undefined Weak Reference
    __cpp_initialize__aeabi_                  - Undefined Weak Reference
    __cxa_finalize                            - Undefined Weak Reference
    __rt_locale                               - Undefined Weak Reference
    __sigvec_lookup                           - Undefined Weak Reference
    _atexit_init                              - Undefined Weak Reference
    _call_atexit_fns                          - Undefined Weak Reference
    _clock_init                               - Undefined Weak Reference
    _fp_trap_init                             - Undefined Weak Reference
    _fp_trap_shutdown                         - Undefined Weak Reference
    _get_lc_collate                           - Undefined Weak Reference
    _get_lc_ctype                             - Undefined Weak Reference
    _get_lc_monetary                          - Undefined Weak Reference
    _get_lc_numeric                           - Undefined Weak Reference
    _get_lc_time                              - Undefined Weak Reference
    _getenv_init                              - Undefined Weak Reference
    _handle_redirection                       - Undefined Weak Reference
    _init_alloc                               - Undefined Weak Reference
    _init_user_alloc                          - Undefined Weak Reference
    _initio                                   - Undefined Weak Reference
    _printf_post_padding                      - Undefined Weak Reference
    _printf_pre_padding                       - Undefined Weak Reference
    _printf_truncate_signed                   - Undefined Weak Reference
    _printf_truncate_unsigned                 - Undefined Weak Reference
    _rand_init                                - Undefined Weak Reference
    _signal_finish                            - Undefined Weak Reference
    _signal_init                              - Undefined Weak Reference
    _terminate_alloc                          - Undefined Weak Reference
    _terminate_user_alloc                     - Undefined Weak Reference
    _terminateio                              - Undefined Weak Reference
    __Vectors_End                            0x0000026c   Data           0  startup_tm4c123.o(RESET)
    __Vectors_Size                           0x0000026c   Number         0  startup_tm4c123.o ABSOLUTE
    __main                                   0x0000026d   Thumb Code     8  __main.o(!!!main)
    __scatterload                            0x00000275   Thumb Code     0  __scatter.o(!!!scatter)
    __scatterload_rt2                        0x00000275   Thumb Code    44  __scatter.o(!!!scatter)
    __scatterload_rt2_thumb_only             0x00000275   Thumb Code     0  __scatter.o(!!!scatter)
    __scatterload_null                       0x00000283   Thumb Code     0  __scatter.o(!!!scatter)
    __scatterload_zeroinit                   0x000002a9   Thumb Code    28  __scatter_zi.o(!!handler_zi)
    _printf_d                                0x000002c5   Thumb Code     0  _printf_d.o(.ARM.Collect$$_printf_percent$$00000009)
    _printf_percent                          0x000002c5   Thumb Code     0  _printf_percent.o(.ARM.Collect$$_printf_percent$$00000000)
    _printf_percent_end                      0x000002cb   Thumb Code     0  _printf_percent_end.o(.ARM.Collect$$_printf_percent$$00000017)
    __rt_lib_init                            0x000002cf   Thumb Code     0  libinit.o(.ARM.Collect$$libinit$$00000000)
    __rt_lib_init_fp_1                       0x000002d1   Thumb Code     0  libinit2.o(.ARM.Collect$$libinit$$00000001)
    __rt_lib_init_alloca_1                   0x000002d5   Thumb Code     0  libinit2.o(.ARM.Collect$$libinit$$0000002E)
    __rt_lib_init_argv_1                     0x000002d5   Thumb Code     0  libinit2.o(.ARM.Collect$$libinit$$0000002C)
    __rt_lib_init_atexit_1                   0x000002d5   Thumb Code     0  libinit2.o(.ARM.Collect$$libinit$$0000001B)
    __rt_lib_init_clock_1                    0x000002d5   Thumb Code     0  libinit2.o(.ARM.Collect$$libinit$$00000021)
    __rt_lib_init_cpp_1                      0x000002d5   Thumb Code     0  libinit2.o(.ARM.Collect$$libinit$$00000032)
    __rt_lib_init_exceptions_1               0x000002d5   Thumb Code     0  libinit2.o(.ARM.Collect$$libinit$$00000030)
    __rt_lib_init_fp_trap_1                  0x000002d5   Thumb Code     0  libinit2.o(.ARM.Collect$$libinit$$0000001F)
    __rt_lib_init_getenv_1                   0x000002d5   Thumb Code     0  libinit2.o(.ARM.Collect$$libinit$$00000023)
    __rt_lib_init_heap_1                     0x000002d5   Thumb Code     0  libinit2.o(.ARM.Collect$$libinit$$0000000A)
    __rt_lib_init_lc_collate_1               0x000002d5   Thumb Code     0  libinit2.o(.ARM.Collect$$libinit$$00000011)
    __rt_lib_init_lc_ctype_1                 0x000002d5   Thumb Code     0  libinit2.o(.ARM.Collect$$libinit$$00000013)
    __rt_lib_init_lc_monetary_1              0x000002d5   Thumb Code     0  libinit2.o(.ARM.Collect$$libinit$$00000015)
    __rt_lib_init_lc_numeric_1               0x000002d5   Thumb Code     0  libinit2.o(.ARM.Collect$$libinit$$00000017)
    __rt_lib_init_lc_time_1                  0x000002d5   Thumb Code     0  libinit2.o(.ARM.Collect$$libinit$$00000019)
    __rt_lib_init_preinit_1                  0x000002d5   Thumb Code     0  libinit2.o(.ARM.Collect$$libinit$$00000004)
    __rt_lib_init_rand_1                     0x000002d5   Thumb Code     0  libinit2.o(.ARM.Collect$$libinit$$0000000E)
    __rt_lib_init_return                     0x000002d5   Thumb Code     0  libinit2.o(.ARM.Collect$$libinit$$00000033)
    __rt_lib_init_signal_1                   0x000002d5   Thumb Code     0  libinit2.o(.ARM.Collect$$libinit$$0000001D)
    __rt_lib_init_stdio_1                    0x000002d5   Thumb Code     0  libinit2.o(.ARM.Collect$$libinit$$00000025)
    __rt_lib_init_user_alloc_1               0x000002d5   Thumb Code     0  libinit2.o(.ARM.Collect$$libinit$$0000000C)
    __rt_lib_shutdown                        0x000002d7   Thumb Code     0  libshutdown.o(.ARM.Collect$$libshutdown$$00000000)
    __rt_lib_shutdown_cpp_1                  0x000002d9   Thumb Code     0  libshutdown2.o(.ARM.Collect$$libshutdown$$00000002)
    __rt_lib_shutdown_fp_trap_1              0x000002d9   Thumb Code     0  libshutdown2.o(.ARM.Collect$$libshutdown$$00000007)
    __rt_lib_shutdown_heap_1                 0x000002d9   Thumb Code     0  libshutdown2.o(.ARM.Collect$$libshutdown$$0000000F)
    __rt_lib_shutdown_return                 0x000002d9   Thumb Code     0  libshutdown2.o(.ARM.Collect$$libshutdown$$00000010)
    __rt_lib_shutdown_signal_1               0x000002d9   Thumb Code     0  libshutdown2.o(.ARM.Collect$$libshutdown$$0000000A)
    __rt_lib_shutdown_stdio_1                0x000002d9   Thumb Code     0  libshutdown2.o(.ARM.Collect$$libshutdown$$00000004)
    __rt_lib_shutdown_user_alloc_1           0x000002d9   Thumb Code     0  libshutdown2.o(.ARM.Collect$$libshutdown$$0000000C)
    __rt_entry                               0x000002db   Thumb Code     0  __rtentry.o(.ARM.Collect$$rtentry$$00000000)
    __rt_entry_presh_1                       0x000002db   Thumb Code     0  __rtentry2.o(.ARM.Collect$$rtentry$$00000002)
    __rt_entry_sh                            0x000002db   Thumb Code     0  __rtentry4.o(.ARM.Collect$$rtentry$$00000004)
    __rt_entry_li                            0x000002e1   Thumb Code     0  __rtentry2.o(.ARM.Collect$$rtentry$$0000000A)
    __rt_entry_postsh_1                      0x000002e1   Thumb Code     0  __rtentry2.o(.ARM.Collect$$rtentry$$00000009)
    __rt_entry_main                          0x000002e5   Thumb Code     0  __rtentry2.o(.ARM.Collect$$rtentry$$0000000D)
    __rt_entry_postli_1                      0x000002e5   Thumb Code     0  __rtentry2.o(.ARM.Collect$$rtentry$$0000000C)
    __rt_exit                                0x000002ed   Thumb Code     0  rtexit.o(.ARM.Collect$$rtexit$$00000000)
    __rt_exit_ls                             0x000002ef   Thumb Code     0  rtexit2.o(.ARM.Collect$$rtexit$$00000003)
    __rt_exit_prels_1                        0x000002ef   Thumb Code     0  rtexit2.o(.ARM.Collect$$rtexit$$00000002)
    __rt_exit_exit                           0x000002f3   Thumb Code     0  rtexit2.o(.ARM.Collect$$rtexit$$00000004)
    Reset_Handler                            0x000002f9   Thumb Code     8  startup_tm4c123.o(.text)
    NMI_Handler                              0x00000301   Thumb Code     2  startup_tm4c123.o(.text)
    HardFault_Handler                        0x00000303   Thumb Code     2  startup_tm4c123.o(.text)
    MemManage_Handler                        0x00000305   Thumb Code     2  startup_tm4c123.o(.text)
    BusFault_Handler                         0x00000307   Thumb Code     2  startup_tm4c123.o(.text)
    UsageFault_Handler                       0x00000309   Thumb Code     2  startup_tm4c123.o(.text)
    SVC_Handler                              0x0000030b   Thumb Code     2  startup_tm4c123.o(.text)
    DebugMon_Handler                         0x0000030d   Thumb Code     2  startup_tm4c123.o(.text)
    PendSV_Handler                           0x0000030f   Thumb Code     2  startup_tm4c123.o(.text)
    SysTick_Handler                          0x00000311   Thumb Code     2  startup_tm4c123.o(.text)
    GPIOA_Handler                            0x00000313   Thumb Code     2  startup_tm4c123.o(.text)
    GPIOB_Handler                            0x00000315   Thumb Code     2  startup_tm4c123.o(.text)
    GPIOC_Handler                            0x00000317   Thumb Code     2  startup_tm4c123.o(.text)
    GPIOD_Handler                            0x00000319   Thumb Code     2  startup_tm4c123.o(.text)
    GPIOE_Handler                            0x0000031b   Thumb Code     2  startup_tm4c123.o(.text)
    UART0_Handler                            0x0000031d   Thumb Code     2  startup_tm4c123.o(.text)
    UART1_Handler                            0x0000031f   Thumb Code     2  startup_tm4c123.o(.text)
    SSI0_Handler                             0x00000321   Thumb Code     2  startup_tm4c123.o(.text)
    I2C0_Handler                             0x00000323   Thumb Code     2  startup_tm4c123.o(.text)
    PMW0_FAULT_Handler                       0x00000325   Thumb Code     2  startup_tm4c123.o(.text)
    PWM0_0_Handler                           0x00000327   Thumb Code     2  startup_tm4c123.o(.text)
    PWM0_1_Handler                           0x00000329   Thumb Code     2  startup_tm4c123.o(.text)
    PWM0_2_Handler                           0x0000032b   Thumb Code     2  startup_tm4c123.o(.text)
    QEI0_Handler                             0x0000032d   Thumb Code     2  startup_tm4c123.o(.text)
    ADC0SS0_Handler                          0x0000032f   Thumb Code     2  startup_tm4c123.o(.text)
    ADC0SS1_Handler                          0x00000331   Thumb Code     2  startup_tm4c123.o(.text)
    ADC0SS2_Handler                          0x00000333   Thumb Code     2  startup_tm4c123.o(.text)
    ADC0SS3_Handler                          0x00000335   Thumb Code     2  startup_tm4c123.o(.text)
    WDT0_Handler                             0x00000337   Thumb Code     2  startup_tm4c123.o(.text)
    TIMER0A_Handler                          0x00000339   Thumb Code     2  startup_tm4c123.o(.text)
    TIMER0B_Handler                          0x0000033b   Thumb Code     2  startup_tm4c123.o(.text)
    TIMER1A_Handler                          0x0000033d   Thumb Code     2  startup_tm4c123.o(.text)
    TIMER1B_Handler                          0x0000033f   Thumb Code     2  startup_tm4c123.o(.text)
    TIMER2A_Handler                          0x00000341   Thumb Code     2  startup_tm4c123.o(.text)
    TIMER2B_Handler                          0x00000343   Thumb Code     2  startup_tm4c123.o(.text)
    COMP0_Handler                            0x00000345   Thumb Code     2  startup_tm4c123.o(.text)
    COMP1_Handler                            0x00000347   Thumb Code     2  startup_tm4c123.o(.text)
    COMP2_Handler                            0x00000349   Thumb Code     2  startup_tm4c123.o(.text)
    SYSCTL_Handler                           0x0000034b   Thumb Code     2  startup_tm4c123.o(.text)
    FLASH_Handler                            0x0000034d   Thumb Code     2  startup_tm4c123.o(.text)
    GPIOG_Handler                            0x00000351   Thumb Code     2  startup_tm4c123.o(.text)
    GPIOH_Handler                            0x00000353   Thumb Code     2  startup_tm4c123.o(.text)
    UART2_Handler                            0x00000355   Thumb Code     2  startup_tm4c123.o(.text)
    SSI1_Handler                             0x00000357   Thumb Code     2  startup_tm4c123.o(.text)
    TIMER3A_Handler                          0x00000359   Thumb Code     2  startup_tm4c123.o(.text)
    TIMER3B_Handler                          0x0000035b   Thumb Code     2  startup_tm4c123.o(.text)
    I2C1_Handler                             0x0000035d   Thumb Code     2  startup_tm4c123.o(.text)
    QEI1_Handler                             0x0000035f   Thumb Code     2  startup_tm4c123.o(.text)
    CAN0_Handler                             0x00000361   Thumb Code     2  startup_tm4c123.o(.text)
    CAN1_Handler                             0x00000363   Thumb Code     2  startup_tm4c123.o(.text)
    CAN2_Handler                             0x00000365   Thumb Code     2  startup_tm4c123.o(.text)
    HIB_Handler                              0x00000367   Thumb Code     2  startup_tm4c123.o(.text)
    USB0_Handler                             0x00000369   Thumb Code     2  startup_tm4c123.o(.text)
    PWM0_3_Handler                           0x0000036b   Thumb Code     2  startup_tm4c123.o(.text)
    UDMA_Handler                             0x0000036d   Thumb Code     2  startup_tm4c123.o(.text)
    UDMAERR_Handler                          0x0000036f   Thumb Code     2  startup_tm4c123.o(.text)
    ADC1SS0_Handler                          0x00000371   Thumb Code     2  startup_tm4c123.o(.text)
    ADC1SS1_Handler                          0x00000373   Thumb Code     2  startup_tm4c123.o(.text)
    ADC1SS2_Handler                          0x00000375   Thumb Code     2  startup_tm4c123.o(.text)
    ADC1SS3_Handler                          0x00000377   Thumb Code     2  startup_tm4c123.o(.text)
    GPIOJ_Handler                            0x00000379   Thumb Code     2  startup_tm4c123.o(.text)
    GPIOK_Handler                            0x0000037b   Thumb Code     2  startup_tm4c123.o(.text)
    GPIOL_Handler                            0x0000037d   Thumb Code     2  startup_tm4c123.o(.text)
    SSI2_Handler                             0x0000037f   Thumb Code     2  startup_tm4c123.o(.text)
    SSI3_Handler                             0x00000381   Thumb Code     2  startup_tm4c123.o(.text)
    UART3_Handler                            0x00000383   Thumb Code     2  startup_tm4c123.o(.text)
    UART4_Handler                            0x00000385   Thumb Code     2  startup_tm4c123.o(.text)
    UART5_Handler                            0x00000387   Thumb Code     2  startup_tm4c123.o(.text)
    UART6_Handler                            0x00000389   Thumb Code     2  startup_tm4c123.o(.text)
    UART7_Handler                            0x0000038b   Thumb Code     2  startup_tm4c123.o(.text)
    I2C2_Handler                             0x0000038d   Thumb Code     2  startup_tm4c123.o(.text)
    I2C3_Handler                             0x0000038f   Thumb Code     2  startup_tm4c123.o(.text)
    TIMER4A_Handler                          0x00000391   Thumb Code     2  startup_tm4c123.o(.text)
    TIMER4B_Handler                          0x00000393   Thumb Code     2  startup_tm4c123.o(.text)
    TIMER5A_Handler                          0x00000395   Thumb Code     2  startup_tm4c123.o(.text)
    TIMER5B_Handler                          0x00000397   Thumb Code     2  startup_tm4c123.o(.text)
    WTIMER0A_Handler                         0x00000399   Thumb Code     2  startup_tm4c123.o(.text)
    WTIMER0B_Handler                         0x0000039b   Thumb Code     2  startup_tm4c123.o(.text)
    WTIMER1A_Handler                         0x0000039d   Thumb Code     2  startup_tm4c123.o(.text)
    WTIMER1B_Handler                         0x0000039f   Thumb Code     2  startup_tm4c123.o(.text)
    WTIMER2A_Handler                         0x000003a1   Thumb Code     2  startup_tm4c123.o(.text)
    WTIMER2B_Handler                         0x000003a3   Thumb Code     2  startup_tm4c123.o(.text)
    WTIMER3A_Handler                         0x000003a5   Thumb Code     2  startup_tm4c123.o(.text)
    WTIMER3B_Handler                         0x000003a7   Thumb Code     2  startup_tm4c123.o(.text)
    WTIMER4A_Handler                         0x000003a9   Thumb Code     2  startup_tm4c123.o(.text)
    WTIMER4B_Handler                         0x000003ab   Thumb Code     2  startup_tm4c123.o(.text)
    WTIMER5A_Handler                         0x000003ad   Thumb Code     2  startup_tm4c123.o(.text)
    WTIMER5B_Handler                         0x000003af   Thumb Code     2  startup_tm4c123.o(.text)
    FPU_Handler                              0x000003b1   Thumb Code     2  startup_tm4c123.o(.text)
    I2C4_Handler                             0x000003b3   Thumb Code     2  startup_tm4c123.o(.text)
    I2C5_Handler                             0x000003b5   Thumb Code     2  startup_tm4c123.o(.text)
    GPIOM_Handler                            0x000003b7   Thumb Code     2  startup_tm4c123.o(.text)
    GPION_Handler                            0x000003b9   Thumb Code     2  startup_tm4c123.o(.text)
    QEI2_Handler                             0x000003bb   Thumb Code     2  startup_tm4c123.o(.text)
    GPIOP0_Handler                           0x000003bd   Thumb Code     2  startup_tm4c123.o(.text)
    GPIOP1_Handler                           0x000003bf   Thumb Code     2  startup_tm4c123.o(.text)
    GPIOP2_Handler                           0x000003c1   Thumb Code     2  startup_tm4c123.o(.text)
    GPIOP3_Handler                           0x000003c3   Thumb Code     2  startup_tm4c123.o(.text)
    GPIOP4_Handler                           0x000003c5   Thumb Code     2  startup_tm4c123.o(.text)
    GPIOP5_Handler                           0x000003c7   Thumb Code     2  startup_tm4c123.o(.text)
    GPIOP6_Handler                           0x000003c9   Thumb Code     2  startup_tm4c123.o(.text)
    GPIOP7_Handler                           0x000003cb   Thumb Code     2  startup_tm4c123.o(.text)
    GPIOQ0_Handler                           0x000003cd   Thumb Code     2  startup_tm4c123.o(.text)
    GPIOQ1_Handler                           0x000003cf   Thumb Code     2  startup_tm4c123.o(.text)
    GPIOQ2_Handler                           0x000003d1   Thumb Code     2  startup_tm4c123.o(.text)
    GPIOQ3_Handler                           0x000003d3   Thumb Code     2  startup_tm4c123.o(.text)
    GPIOQ4_Handler                           0x000003d5   Thumb Code     2  startup_tm4c123.o(.text)
    GPIOQ5_Handler                           0x000003d7   Thumb Code     2  startup_tm4c123.o(.text)
    GPIOQ6_Handler                           0x000003d9   Thumb Code     2  startup_tm4c123.o(.text)
    GPIOQ7_Handler                           0x000003db   Thumb Code     2  startup_tm4c123.o(.text)
    GPIOR_Handler                            0x000003dd   Thumb Code     2  startup_tm4c123.o(.text)
    GPIOS_Handler                            0x000003df   Thumb Code     2  startup_tm4c123.o(.text)
    PMW1_0_Handler                           0x000003e1   Thumb Code     2  startup_tm4c123.o(.text)
    PWM1_1_Handler                           0x000003e3   Thumb Code     2  startup_tm4c123.o(.text)
    PWM1_2_Handler                           0x000003e5   Thumb Code     2  startup_tm4c123.o(.text)
    PWM1_3_Handler                           0x000003e7   Thumb Code     2  startup_tm4c123.o(.text)
    PWM1_FAULT_Handler                       0x000003e9   Thumb Code     2  startup_tm4c123.o(.text)
    __user_initial_stackheap                 0x000003ed   Thumb Code     0  startup_tm4c123.o(.text)
    __2sprintf                               0x0000040d   Thumb Code    34  noretval__2sprintf.o(.text)
    __printf                                 0x00000435   Thumb Code   104  __printf.o(.text)
    _printf_int_dec                          0x0000049d   Thumb Code   104  _printf_dec.o(.text)
    __use_two_region_memory                  0x00000515   Thumb Code     2  heapauxi.o(.text)
    __rt_heap_escrow$2region                 0x00000517   Thumb Code     2  heapauxi.o(.text)
    __rt_heap_expand$2region                 0x00000519   Thumb Code     2  heapauxi.o(.text)
    _printf_int_common                       0x0000051b   Thumb Code   178  _printf_intcommon.o(.text)
    _printf_char_common                      0x000005d7   Thumb Code    32  _printf_char_common.o(.text)
    _sputc                                   0x000005fd   Thumb Code    10  _sputc.o(.text)
    __user_setup_stackheap                   0x00000607   Thumb Code    74  sys_stackheap_outer.o(.text)
    exit                                     0x00000651   Thumb Code    18  exit.o(.text)
    __user_libspace                          0x00000665   Thumb Code     8  libspace.o(.text)
    __user_perproc_libspace                  0x00000665   Thumb Code     0  libspace.o(.text)
    __user_perthread_libspace                0x00000665   Thumb Code     0  libspace.o(.text)
    _sys_exit                                0x0000066d   Thumb Code     8  sys_exit.o(.text)
    __I$use$semihosting                      0x00000679   Thumb Code     0  use_no_semi.o(.text)
    __use_no_semihosting_swi                 0x00000679   Thumb Code     2  use_no_semi.o(.text)
    __semihosting_library_function           0x0000067b   Thumb Code     0  indicate_semi.o(.text)
    Display_Time                             0x0000067d   Thumb Code   208  main.o(.text.Display_Time)
    GPIOF_EnableInt                          0x0000074d   Thumb Code    78  gpio.o(.text.GPIOF_EnableInt)
    GPIOF_Handler                            0x0000079d   Thumb Code   182  main.o(.text.GPIOF_Handler)
    GPIO_setupPinDirection                   0x00000855   Thumb Code   628  gpio.o(.text.GPIO_setupPinDirection)
    GPIO_setupPortDirection                  0x00000ac9   Thumb Code   196  gpio.o(.text.GPIO_setupPortDirection)
    GPIO_togglePin                           0x00000b8d   Thumb Code    94  gpio.o(.text.GPIO_togglePin)
    GPIO_writePin                            0x00000bed   Thumb Code    98  gpio.o(.text.GPIO_writePin)
    KEYPAD_Getkey                            0x00000c51   Thumb Code   104  keypad.o(.text.KEYPAD_Getkey)
    KEYPAD_Init                              0x00000cb9   Thumb Code   114  keypad.o(.text.KEYPAD_Init)
    LCD_Init                                 0x00000d2d   Thumb Code    56  lcd.o(.text.LCD_Init)
    LCD_PrintINT                             0x00000d65   Thumb Code    52  lcd.o(.text.LCD_PrintINT)
    LCD_clearScreen                          0x00000d99   Thumb Code     6  lcd.o(.text.LCD_clearScreen)
    LCD_displayCharRowColumn                 0x00000da1   Thumb Code    18  lcd.o(.text.LCD_displayCharRowColumn)
    LCD_displayCharacter                     0x00000db5   Thumb Code    34  lcd.o(.text.LCD_displayCharacter)
    LCD_displayString                        0x00000dd9   Thumb Code    34  lcd.o(.text.LCD_displayString)
    LCD_displayStringRowColumn               0x00000dfd   Thumb Code    18  lcd.o(.text.LCD_displayStringRowColumn)
    LCD_displayTime                          0x00000e11   Thumb Code   114  lcd.o(.text.LCD_displayTime)
    LCD_goToRowColumn                        0x00000e85   Thumb Code    24  lcd.o(.text.LCD_goToRowColumn)
    LCD_sendCommand                          0x00000e9d   Thumb Code    34  lcd.o(.text.LCD_sendCommand)
    LCD_writeBits                            0x00000ec1   Thumb Code    42  lcd.o(.text.LCD_writeBits)
    SysTick_Init                             0x00000eed   Thumb Code    38  systick.o(.text.SysTick_Init)
    SysTick_Wait                             0x00000f15   Thumb Code    24  systick.o(.text.SysTick_Wait)
    SysTick_Wait1s                           0x00000f2d   Thumb Code    46  systick.o(.text.SysTick_Wait1s)
    SystemInit                               0x00000f5d   Thumb Code    18  system_tm4c123.o(.text.SystemInit)
    ToggleLedBuzzer                          0x00000f71   Thumb Code   168  main.o(.text.ToggleLedBuzzer)
    delayMs                                  0x00001019   Thumb Code    40  systick.o(.text.delayMs)
    delayUs                                  0x00001041   Thumb Code    38  systick.o(.text.delayUs)
    main                                     0x00001069   Thumb Code   720  main.o(.text.main)
    _fp_init                                 0x00001339   Thumb Code    26  fpinit.o(x$fpl$fpinit)
    __fplib_config_fpu_vfp                   0x00001351   Thumb Code     0  fpinit.o(x$fpl$fpinit)
    __fplib_config_pureend_doubles           0x00001351   Thumb Code     0  fpinit.o(x$fpl$fpinit)
    Region$$Table$$Base                      0x0000137c   Number         0  anon$$obj.o(Region$$Table)
    Region$$Table$$Limit                     0x0000138c   Number         0  anon$$obj.o(Region$$Table)
    __libspace_start                         0x20000000   Data          96  libspace.o(.bss)
    __temporary_stack_top$libspace           0x20000060   Data           0  libspace.o(.bss)



==============================================================================

Memory Map of the image

  Image Entry point : 0x000002f9

  Load Region LR_1 (Base: 0x00000000, Size: 0x0000138c, Max: 0xffffffff, ABSOLUTE)

    Execution Region ER_RO (Exec base: 0x00000000, Load base: 0x00000000, Size: 0x0000138c, Max: 0xffffffff, ABSOLUTE)

    Exec Addr    Load Addr    Size         Type   Attr      Idx    E Section Name        Object

    0x00000000   0x00000000   0x0000026c   Data   RO          119    RESET               startup_tm4c123.o
    0x0000026c   0x0000026c   0x00000008   Code   RO          177  * !!!main             c_w.l(__main.o)
    0x00000274   0x00000274   0x00000034   Code   RO          349    !!!scatter          c_w.l(__scatter.o)
    0x000002a8   0x000002a8   0x0000001c   Code   RO          351    !!handler_zi        c_w.l(__scatter_zi.o)
    0x000002c4   0x000002c4   0x00000000   Code   RO          174    .ARM.Collect$$_printf_percent$$00000000  c_w.l(_printf_percent.o)
    0x000002c4   0x000002c4   0x00000006   Code   RO          173    .ARM.Collect$$_printf_percent$$00000009  c_w.l(_printf_d.o)
    0x000002ca   0x000002ca   0x00000004   Code   RO          186    .ARM.Collect$$_printf_percent$$00000017  c_w.l(_printf_percent_end.o)
    0x000002ce   0x000002ce   0x00000002   Code   RO          213    .ARM.Collect$$libinit$$00000000  c_w.l(libinit.o)
    0x000002d0   0x000002d0   0x00000004   Code   RO          219    .ARM.Collect$$libinit$$00000001  c_w.l(libinit2.o)
    0x000002d4   0x000002d4   0x00000000   Code   RO          222    .ARM.Collect$$libinit$$00000004  c_w.l(libinit2.o)
    0x000002d4   0x000002d4   0x00000000   Code   RO          225    .ARM.Collect$$libinit$$0000000A  c_w.l(libinit2.o)
    0x000002d4   0x000002d4   0x00000000   Code   RO          227    .ARM.Collect$$libinit$$0000000C  c_w.l(libinit2.o)
    0x000002d4   0x000002d4   0x00000000   Code   RO          229    .ARM.Collect$$libinit$$0000000E  c_w.l(libinit2.o)
    0x000002d4   0x000002d4   0x00000000   Code   RO          232    .ARM.Collect$$libinit$$00000011  c_w.l(libinit2.o)
    0x000002d4   0x000002d4   0x00000000   Code   RO          234    .ARM.Collect$$libinit$$00000013  c_w.l(libinit2.o)
    0x000002d4   0x000002d4   0x00000000   Code   RO          236    .ARM.Collect$$libinit$$00000015  c_w.l(libinit2.o)
    0x000002d4   0x000002d4   0x00000000   Code   RO          238    .ARM.Collect$$libinit$$00000017  c_w.l(libinit2.o)
    0x000002d4   0x000002d4   0x00000000   Code   RO          240    .ARM.Collect$$libinit$$00000019  c_w.l(libinit2.o)
    0x000002d4   0x000002d4   0x00000000   Code   RO          242    .ARM.Collect$$libinit$$0000001B  c_w.l(libinit2.o)
    0x000002d4   0x000002d4   0x00000000   Code   RO          244    .ARM.Collect$$libinit$$0000001D  c_w.l(libinit2.o)
    0x000002d4   0x000002d4   0x00000000   Code   RO          246    .ARM.Collect$$libinit$$0000001F  c_w.l(libinit2.o)
    0x000002d4   0x000002d4   0x00000000   Code   RO          248    .ARM.Collect$$libinit$$00000021  c_w.l(libinit2.o)
    0x000002d4   0x000002d4   0x00000000   Code   RO          250    .ARM.Collect$$libinit$$00000023  c_w.l(libinit2.o)
    0x000002d4   0x000002d4   0x00000000   Code   RO          252    .ARM.Collect$$libinit$$00000025  c_w.l(libinit2.o)
    0x000002d4   0x000002d4   0x00000000   Code   RO          256    .ARM.Collect$$libinit$$0000002C  c_w.l(libinit2.o)
    0x000002d4   0x000002d4   0x00000000   Code   RO          258    .ARM.Collect$$libinit$$0000002E  c_w.l(libinit2.o)
    0x000002d4   0x000002d4   0x00000000   Code   RO          260    .ARM.Collect$$libinit$$00000030  c_w.l(libinit2.o)
    0x000002d4   0x000002d4   0x00000000   Code   RO          262    .ARM.Collect$$libinit$$00000032  c_w.l(libinit2.o)
    0x000002d4   0x000002d4   0x00000002   Code   RO          263    .ARM.Collect$$libinit$$00000033  c_w.l(libinit2.o)
    0x000002d6   0x000002d6   0x00000002   Code   RO          285    .ARM.Collect$$libshutdown$$00000000  c_w.l(libshutdown.o)
    0x000002d8   0x000002d8   0x00000000   Code   RO          300    .ARM.Collect$$libshutdown$$00000002  c_w.l(libshutdown2.o)
    0x000002d8   0x000002d8   0x00000000   Code   RO          302    .ARM.Collect$$libshutdown$$00000004  c_w.l(libshutdown2.o)
    0x000002d8   0x000002d8   0x00000000   Code   RO          305    .ARM.Collect$$libshutdown$$00000007  c_w.l(libshutdown2.o)
    0x000002d8   0x000002d8   0x00000000   Code   RO          308    .ARM.Collect$$libshutdown$$0000000A  c_w.l(libshutdown2.o)
    0x000002d8   0x000002d8   0x00000000   Code   RO          310    .ARM.Collect$$libshutdown$$0000000C  c_w.l(libshutdown2.o)
    0x000002d8   0x000002d8   0x00000000   Code   RO          313    .ARM.Collect$$libshutdown$$0000000F  c_w.l(libshutdown2.o)
    0x000002d8   0x000002d8   0x00000002   Code   RO          314    .ARM.Collect$$libshutdown$$00000010  c_w.l(libshutdown2.o)
    0x000002da   0x000002da   0x00000000   Code   RO          179    .ARM.Collect$$rtentry$$00000000  c_w.l(__rtentry.o)
    0x000002da   0x000002da   0x00000000   Code   RO          188    .ARM.Collect$$rtentry$$00000002  c_w.l(__rtentry2.o)
    0x000002da   0x000002da   0x00000006   Code   RO          200    .ARM.Collect$$rtentry$$00000004  c_w.l(__rtentry4.o)
    0x000002e0   0x000002e0   0x00000000   Code   RO          190    .ARM.Collect$$rtentry$$00000009  c_w.l(__rtentry2.o)
    0x000002e0   0x000002e0   0x00000004   Code   RO          191    .ARM.Collect$$rtentry$$0000000A  c_w.l(__rtentry2.o)
    0x000002e4   0x000002e4   0x00000000   Code   RO          193    .ARM.Collect$$rtentry$$0000000C  c_w.l(__rtentry2.o)
    0x000002e4   0x000002e4   0x00000008   Code   RO          194    .ARM.Collect$$rtentry$$0000000D  c_w.l(__rtentry2.o)
    0x000002ec   0x000002ec   0x00000002   Code   RO          217    .ARM.Collect$$rtexit$$00000000  c_w.l(rtexit.o)
    0x000002ee   0x000002ee   0x00000000   Code   RO          265    .ARM.Collect$$rtexit$$00000002  c_w.l(rtexit2.o)
    0x000002ee   0x000002ee   0x00000004   Code   RO          266    .ARM.Collect$$rtexit$$00000003  c_w.l(rtexit2.o)
    0x000002f2   0x000002f2   0x00000006   Code   RO          267    .ARM.Collect$$rtexit$$00000004  c_w.l(rtexit2.o)
    0x000002f8   0x000002f8   0x00000114   Code   RO          120  * .text               startup_tm4c123.o
    0x0000040c   0x0000040c   0x00000028   Code   RO          147    .text               c_w.l(noretval__2sprintf.o)
    0x00000434   0x00000434   0x00000068   Code   RO          149    .text               c_w.l(__printf.o)
    0x0000049c   0x0000049c   0x00000078   Code   RO          151    .text               c_w.l(_printf_dec.o)
    0x00000514   0x00000514   0x00000006   Code   RO          175    .text               c_w.l(heapauxi.o)
    0x0000051a   0x0000051a   0x000000b2   Code   RO          180    .text               c_w.l(_printf_intcommon.o)
    0x000005cc   0x000005cc   0x00000030   Code   RO          182    .text               c_w.l(_printf_char_common.o)
    0x000005fc   0x000005fc   0x0000000a   Code   RO          184    .text               c_w.l(_sputc.o)
    0x00000606   0x00000606   0x0000004a   Code   RO          204    .text               c_w.l(sys_stackheap_outer.o)
    0x00000650   0x00000650   0x00000012   Code   RO          206    .text               c_w.l(exit.o)
    0x00000662   0x00000662   0x00000002   PAD
    0x00000664   0x00000664   0x00000008   Code   RO          214    .text               c_w.l(libspace.o)
    0x0000066c   0x0000066c   0x0000000c   Code   RO          275    .text               c_w.l(sys_exit.o)
    0x00000678   0x00000678   0x00000002   Code   RO          290    .text               c_w.l(use_no_semi.o)
    0x0000067a   0x0000067a   0x00000000   Code   RO          292    .text               c_w.l(indicate_semi.o)
    0x0000067a   0x0000067a   0x00000002   PAD
    0x0000067c   0x0000067c   0x000000d0   Code   RO            4    .text.Display_Time  main.o
    0x0000074c   0x0000074c   0x0000004e   Code   RO           42    .text.GPIOF_EnableInt  gpio.o
    0x0000079a   0x0000079a   0x00000002   PAD
    0x0000079c   0x0000079c   0x000000b6   Code   RO            8    .text.GPIOF_Handler  main.o
    0x00000852   0x00000852   0x00000002   PAD
    0x00000854   0x00000854   0x00000274   Code   RO           26    .text.GPIO_setupPinDirection  gpio.o
    0x00000ac8   0x00000ac8   0x000000c4   Code   RO           34    .text.GPIO_setupPortDirection  gpio.o
    0x00000b8c   0x00000b8c   0x0000005e   Code   RO           30    .text.GPIO_togglePin  gpio.o
    0x00000bea   0x00000bea   0x00000002   PAD
    0x00000bec   0x00000bec   0x00000062   Code   RO           28    .text.GPIO_writePin  gpio.o
    0x00000c4e   0x00000c4e   0x00000002   PAD
    0x00000c50   0x00000c50   0x00000068   Code   RO           76    .text.KEYPAD_Getkey  keypad.o
    0x00000cb8   0x00000cb8   0x00000072   Code   RO           74    .text.KEYPAD_Init   keypad.o
    0x00000d2a   0x00000d2a   0x00000002   PAD
    0x00000d2c   0x00000d2c   0x00000038   Code   RO           87    .text.LCD_Init      lcd.o
    0x00000d64   0x00000d64   0x00000034   Code   RO          103    .text.LCD_PrintINT  lcd.o
    0x00000d98   0x00000d98   0x00000006   Code   RO           99    .text.LCD_clearScreen  lcd.o
    0x00000d9e   0x00000d9e   0x00000002   PAD
    0x00000da0   0x00000da0   0x00000012   Code   RO          107    .text.LCD_displayCharRowColumn  lcd.o
    0x00000db2   0x00000db2   0x00000002   PAD
    0x00000db4   0x00000db4   0x00000022   Code   RO           93    .text.LCD_displayCharacter  lcd.o
    0x00000dd6   0x00000dd6   0x00000002   PAD
    0x00000dd8   0x00000dd8   0x00000022   Code   RO           95    .text.LCD_displayString  lcd.o
    0x00000dfa   0x00000dfa   0x00000002   PAD
    0x00000dfc   0x00000dfc   0x00000012   Code   RO          105    .text.LCD_displayStringRowColumn  lcd.o
    0x00000e0e   0x00000e0e   0x00000002   PAD
    0x00000e10   0x00000e10   0x00000072   Code   RO          101    .text.LCD_displayTime  lcd.o
    0x00000e82   0x00000e82   0x00000002   PAD
    0x00000e84   0x00000e84   0x00000018   Code   RO           97    .text.LCD_goToRowColumn  lcd.o
    0x00000e9c   0x00000e9c   0x00000022   Code   RO           89    .text.LCD_sendCommand  lcd.o
    0x00000ebe   0x00000ebe   0x00000002   PAD
    0x00000ec0   0x00000ec0   0x0000002a   Code   RO           91    .text.LCD_writeBits  lcd.o
    0x00000eea   0x00000eea   0x00000002   PAD
    0x00000eec   0x00000eec   0x00000026   Code   RO           53    .text.SysTick_Init  systick.o
    0x00000f12   0x00000f12   0x00000002   PAD
    0x00000f14   0x00000f14   0x00000018   Code   RO           57    .text.SysTick_Wait  systick.o
    0x00000f2c   0x00000f2c   0x0000002e   Code   RO           59    .text.SysTick_Wait1s  systick.o
    0x00000f5a   0x00000f5a   0x00000002   PAD
    0x00000f5c   0x00000f5c   0x00000012   Code   RO          131    .text.SystemInit    system_tm4c123.o
    0x00000f6e   0x00000f6e   0x00000002   PAD
    0x00000f70   0x00000f70   0x000000a8   Code   RO            6    .text.ToggleLedBuzzer  main.o
    0x00001018   0x00001018   0x00000028   Code   RO           61    .text.delayMs       systick.o
    0x00001040   0x00001040   0x00000026   Code   RO           63    .text.delayUs       systick.o
    0x00001066   0x00001066   0x00000002   PAD
    0x00001068   0x00001068   0x000002d0   Code   RO            2    .text.main          main.o
    0x00001338   0x00001338   0x0000001a   Code   RO          273    x$fpl$fpinit        fz_wm.l(fpinit.o)
    0x00001352   0x00001352   0x00000028   Data   RO           12    .rodata.str1.1      main.o
    0x0000137a   0x0000137a   0x00000002   PAD
    0x0000137c   0x0000137c   0x00000010   Data   RO          348    Region$$Table       anon$$obj.o


    Execution Region ER_RW (Exec base: 0x20000000, Load base: 0x0000138c, Size: 0x00000000, Max: 0xffffffff, ABSOLUTE)

    **** No section assigned to this execution region ****


    Execution Region ER_ZI (Exec base: 0x20000000, Load base: 0x0000138c, Size: 0x00000268, Max: 0xffffffff, ABSOLUTE)

    Exec Addr    Load Addr    Size         Type   Attr      Idx    E Section Name        Object

    0x20000000        -       0x00000060   Zero   RW          215    .bss                c_w.l(libspace.o)
    0x20000060        -       0x00000001   Zero   RW           13    .bss.CASED_FLAG     main.o
    0x20000061        -       0x00000001   Zero   RW           11    .bss.CLEAR_FLAG     main.o
    0x20000062        -       0x00000001   Zero   RW           15    .bss.DOOR_FLAG      main.o
    0x20000063        -       0x00000001   Zero   RW           14    .bss.SW1_FLAG       main.o
    0x20000064        -       0x00000001   Zero   RW           10    .bss.SW2_FLAG       main.o
    0x20000065   0x0000138c   0x00000003   PAD
    0x20000068        -       0x00000000   Zero   RW          118    HEAP                startup_tm4c123.o
    0x20000068        -       0x00000200   Zero   RW          117    STACK               startup_tm4c123.o


==============================================================================

Image component sizes


      Code (inc. data)   RO Data    RW Data    ZI Data      Debug   Object Name

      1094         24          0          0          0       9255   gpio.o
       218         16          0          0          0       5919   keypad.o
       432          4          0          0          0       3508   lcd.o
      1278         40         40          0          5       3041   main.o
       276         24        620          0        512       5472   startup_tm4c123.o
        18          0          0          0          0       6407   system_tm4c123.o
       186          0          0          0          0       1569   systick.o

    ----------------------------------------------------------------------
      3536        108        678          0        520      35171   Object Totals
         0          0         16          0          0          0   (incl. Generated)
        34          0          2          0          3          0   (incl. Padding)

    ----------------------------------------------------------------------

      Code (inc. data)   RO Data    RW Data    ZI Data      Debug   Library Member Name

         8          0          0          0          0         68   __main.o
       104          0          0          0          0         84   __printf.o
         0          0          0          0          0          0   __rtentry.o
        12          0          0          0          0          0   __rtentry2.o
         6          0          0          0          0          0   __rtentry4.o
        52          8          0          0          0          0   __scatter.o
        28          0          0          0          0          0   __scatter_zi.o
        48          6          0          0          0         96   _printf_char_common.o
         6          0          0          0          0          0   _printf_d.o
       120         16          0          0          0         92   _printf_dec.o
       178          0          0          0          0         88   _printf_intcommon.o
         0          0          0          0          0          0   _printf_percent.o
         4          0          0          0          0          0   _printf_percent_end.o
        10          0          0          0          0         68   _sputc.o
        18          0          0          0          0         80   exit.o
         6          0          0          0          0        152   heapauxi.o
         0          0          0          0          0          0   indicate_semi.o
         2          0          0          0          0          0   libinit.o
         6          0          0          0          0          0   libinit2.o
         2          0          0          0          0          0   libshutdown.o
         2          0          0          0          0          0   libshutdown2.o
         8          4          0          0         96         68   libspace.o
        40          6          0          0          0         84   noretval__2sprintf.o
         2          0          0          0          0          0   rtexit.o
        10          0          0          0          0          0   rtexit2.o
        12          4          0          0          0         68   sys_exit.o
        74          0          0          0          0         80   sys_stackheap_outer.o
         2          0          0          0          0         68   use_no_semi.o
        26          0          0          0          0        116   fpinit.o

    ----------------------------------------------------------------------
       790         44          0          0         96       1212   Library Totals
         4          0          0          0          0          0   (incl. Padding)

    ----------------------------------------------------------------------

      Code (inc. data)   RO Data    RW Data    ZI Data      Debug   Library Name

       760         44          0          0         96       1096   c_w.l
        26          0          0          0          0        116   fz_wm.l

    ----------------------------------------------------------------------
       790         44          0          0         96       1212   Library Totals

    ----------------------------------------------------------------------

==============================================================================


      Code (inc. data)   RO Data    RW Data    ZI Data      Debug   

      4326        152        678          0        616      35767   Grand Totals
      4326        152        678          0        616      35767   ELF Image Totals
      4326        152        678          0          0          0   ROM Totals

==============================================================================

    Total RO  Size (Code + RO Data)                 5004 (   4.89kB)
    Total RW  Size (RW Data + ZI Data)               616 (   0.60kB)
    Total ROM Size (Code + RO Data + RW Data)       5004 (   4.89kB)

==============================================================================

